kotlin version: 2.0.21
error message: org.jetbrains.kotlin.backend.common.BackendException: Backend Internal error: Exception during IR lowering
File being compiled: /app/applet/orchestreeai-backend-server/src/main/kotlin/ai/orchestree/backend/database/SupabaseClientProvider.kt
The root cause java.lang.RuntimeException was thrown at: org.jetbrains.kotlin.backend.jvm.codegen.FunctionCodegen.generate(FunctionCodegen.kt:47)
	at org.jetbrains.kotlin.backend.common.CodegenUtil.reportBackendException(CodegenUtil.kt:253)
	at org.jetbrains.kotlin.backend.common.CodegenUtil.reportBackendException$default(CodegenUtil.kt:236)
	at org.jetbrains.kotlin.backend.common.phaser.PerformByIrFilePhase.invokeSequential(performByIrFile.kt:65)
	at org.jetbrains.kotlin.backend.common.phaser.PerformByIrFilePhase.invoke(performByIrFile.kt:52)
	at org.jetbrains.kotlin.backend.common.phaser.PerformByIrFilePhase.invoke(performByIrFile.kt:38)
	at org.jetbrains.kotlin.backend.common.phaser.NamedCompilerPhase.phaseBody(CompilerPhase.kt:166)
	at org.jetbrains.kotlin.backend.common.phaser.AbstractNamedCompilerPhase.invoke(CompilerPhase.kt:113)
	at org.jetbrains.kotlin.backend.common.phaser.CompositePhase.invoke(PhaseBuilders.kt:27)
	at org.jetbrains.kotlin.backend.common.phaser.CompositePhase.invoke(PhaseBuilders.kt:14)
	at org.jetbrains.kotlin.backend.common.phaser.NamedCompilerPhase.phaseBody(CompilerPhase.kt:166)
	at org.jetbrains.kotlin.backend.common.phaser.AbstractNamedCompilerPhase.invoke(CompilerPhase.kt:113)
	at org.jetbrains.kotlin.backend.common.phaser.CompilerPhaseKt.invokeToplevel(CompilerPhase.kt:62)
	at org.jetbrains.kotlin.backend.jvm.JvmIrCodegenFactory.invokeCodegen(JvmIrCodegenFactory.kt:371)
	at org.jetbrains.kotlin.codegen.CodegenFactory.generateModule(CodegenFactory.kt:47)
	at org.jetbrains.kotlin.backend.jvm.JvmIrCodegenFactory.generateModuleInFrontendIRMode(JvmIrCodegenFactory.kt:433)
	at org.jetbrains.kotlin.cli.jvm.compiler.pipeline.JvmCompilerPipelineKt.generateCodeFromIr(jvmCompilerPipeline.kt:246)
	at org.jetbrains.kotlin.cli.jvm.compiler.pipeline.JvmCompilerPipelineKt.compileModulesUsingFrontendIrAndLightTree(jvmCompilerPipeline.kt:142)
	at org.jetbrains.kotlin.cli.jvm.K2JVMCompiler.doExecute(K2JVMCompiler.kt:148)
	at org.jetbrains.kotlin.cli.jvm.K2JVMCompiler.doExecute(K2JVMCompiler.kt:43)
	at org.jetbrains.kotlin.cli.common.CLICompiler.execImpl(CLICompiler.kt:103)
	at org.jetbrains.kotlin.cli.common.CLICompiler.execImpl(CLICompiler.kt:49)
	at org.jetbrains.kotlin.cli.common.CLITool.exec(CLITool.kt:101)
	at org.jetbrains.kotlin.incremental.IncrementalJvmCompilerRunner.runCompiler(IncrementalJvmCompilerRunner.kt:464)
	at org.jetbrains.kotlin.incremental.IncrementalJvmCompilerRunner.runCompiler(IncrementalJvmCompilerRunner.kt:73)
	at org.jetbrains.kotlin.incremental.IncrementalCompilerRunner.doCompile(IncrementalCompilerRunner.kt:506)
	at org.jetbrains.kotlin.incremental.IncrementalCompilerRunner.compileImpl(IncrementalCompilerRunner.kt:423)
	at org.jetbrains.kotlin.incremental.IncrementalCompilerRunner.compileNonIncrementally(IncrementalCompilerRunner.kt:301)
	at org.jetbrains.kotlin.incremental.IncrementalCompilerRunner.compile(IncrementalCompilerRunner.kt:129)
	at org.jetbrains.kotlin.daemon.CompileServiceImplBase.execIncrementalCompiler(CompileServiceImpl.kt:675)
	at org.jetbrains.kotlin.daemon.CompileServiceImplBase.access$execIncrementalCompiler(CompileServiceImpl.kt:92)
	at org.jetbrains.kotlin.daemon.CompileServiceImpl.compile(CompileServiceImpl.kt:1660)
	at java.base/jdk.internal.reflect.DirectMethodHandleAccessor.invoke(DirectMethodHandleAccessor.java:103)
	at java.base/java.lang.reflect.Method.invoke(Method.java:580)
	at java.rmi/sun.rmi.server.UnicastServerRef.dispatch(UnicastServerRef.java:360)
	at java.rmi/sun.rmi.transport.Transport$1.run(Transport.java:200)
	at java.rmi/sun.rmi.transport.Transport$1.run(Transport.java:197)
	at java.base/java.security.AccessController.doPrivileged(AccessController.java:714)
	at java.rmi/sun.rmi.transport.Transport.serviceCall(Transport.java:196)
	at java.rmi/sun.rmi.transport.tcp.TCPTransport.handleMessages(TCPTransport.java:598)
	at java.rmi/sun.rmi.transport.tcp.TCPTransport$ConnectionHandler.run0(TCPTransport.java:844)
	at java.rmi/sun.rmi.transport.tcp.TCPTransport$ConnectionHandler.lambda$run$0(TCPTransport.java:721)
	at java.base/java.security.AccessController.doPrivileged(AccessController.java:400)
	at java.rmi/sun.rmi.transport.tcp.TCPTransport$ConnectionHandler.run(TCPTransport.java:720)
	at java.base/java.util.concurrent.ThreadPoolExecutor.runWorker(ThreadPoolExecutor.java:1144)
	at java.base/java.util.concurrent.ThreadPoolExecutor$Worker.run(ThreadPoolExecutor.java:642)
	at java.base/java.lang.Thread.run(Thread.java:1583)
Caused by: java.lang.RuntimeException: Exception while generating code for:
FUN name:insertRecord-BWLJW6A visibility:public modality:FINAL <> ($this:ai.orchestree.backend.database.SupabaseClientProvider, tableName:kotlin.String, tenantId:kotlin.String, jsonPayload:kotlin.String, $completion:kotlin.coroutines.Continuation<kotlin.Result<kotlin.String>>) returnType:kotlin.Any? [suspend]
  $this: VALUE_PARAMETER name:<this> type:ai.orchestree.backend.database.SupabaseClientProvider
  VALUE_PARAMETER name:tableName index:0 type:kotlin.String
  VALUE_PARAMETER name:tenantId index:1 type:kotlin.String
  VALUE_PARAMETER name:jsonPayload index:2 type:kotlin.String
  VALUE_PARAMETER CONTINUATION_CLASS name:$completion index:3 type:kotlin.coroutines.Continuation<kotlin.Result<kotlin.String>>
  BLOCK_BODY
    CLASS CONTINUATION_CLASS CLASS name:<Continuation> modality:FINAL visibility:public/*package*/ superTypes:[kotlin.coroutines.jvm.internal.ContinuationImpl]
      $this: VALUE_PARAMETER INSTANCE_RECEIVER name:<this> type:ai.orchestree.backend.database.SupabaseClientProvider.insertRecord-BWLJW6A.<Continuation>
      FIELD CONTINUATION_CLASS_RESULT_FIELD name:result type:kotlin.Result<kotlin.Any?> visibility:public/*package*/
      FIELD FIELD_FOR_OUTER_THIS name:this$0 type:ai.orchestree.backend.database.SupabaseClientProvider visibility:public/*package*/ [final]
      FIELD name:label type:kotlin.Int visibility:public/*package*/
      CONSTRUCTOR visibility:public/*package*/ <> (this$0:ai.orchestree.backend.database.SupabaseClientProvider, $completion:kotlin.coroutines.Continuation<ai.orchestree.backend.database.SupabaseClientProvider.insertRecord-BWLJW6A.<Continuation>>?) returnType:ai.orchestree.backend.database.SupabaseClientProvider.insertRecord-BWLJW6A.<Continuation> [primary]
        VALUE_PARAMETER name:this$0 index:0 type:ai.orchestree.backend.database.SupabaseClientProvider
        VALUE_PARAMETER name:$completion index:1 type:kotlin.coroutines.Continuation<ai.orchestree.backend.database.SupabaseClientProvider.insertRecord-BWLJW6A.<Continuation>>?
        BLOCK_BODY
          SET_FIELD 'FIELD FIELD_FOR_OUTER_THIS name:this$0 type:ai.orchestree.backend.database.SupabaseClientProvider visibility:public/*package*/ [final] declared in ai.orchestree.backend.database.SupabaseClientProvider.insertRecord-BWLJW6A.<Continuation>' type=kotlin.Unit origin=null
            receiver: GET_VAR '<this>: ai.orchestree.backend.database.SupabaseClientProvider.insertRecord-BWLJW6A.<Continuation> declared in ai.orchestree.backend.database.SupabaseClientProvider.insertRecord-BWLJW6A.<Continuation>' type=ai.orchestree.backend.database.SupabaseClientProvider.insertRecord-BWLJW6A.<Continuation> origin=null
            value: GET_VAR 'this$0: ai.orchestree.backend.database.SupabaseClientProvider declared in ai.orchestree.backend.database.SupabaseClientProvider.insertRecord-BWLJW6A.<Continuation>.<init>' type=ai.orchestree.backend.database.SupabaseClientProvider origin=null
          DELEGATING_CONSTRUCTOR_CALL 'public constructor <init> ($completion: kotlin.coroutines.Continuation<kotlin.Any?>?) declared in kotlin.coroutines.jvm.internal.ContinuationImpl'
            $completion: GET_VAR '$completion: kotlin.coroutines.Continuation<ai.orchestree.backend.database.SupabaseClientProvider.insertRecord-BWLJW6A.<Continuation>>? declared in ai.orchestree.backend.database.SupabaseClientProvider.insertRecord-BWLJW6A.<Continuation>.<init>' type=kotlin.coroutines.Continuation<ai.orchestree.backend.database.SupabaseClientProvider.insertRecord-BWLJW6A.<Continuation>>? origin=null
      FUN name:invokeSuspend visibility:public modality:FINAL <> ($this:ai.orchestree.backend.database.SupabaseClientProvider.insertRecord-BWLJW6A.<Continuation>, $result:kotlin.Result<kotlin.Any?>) returnType:kotlin.Any?
        overridden:
          public abstract fun invokeSuspend ($result: kotlin.Result<kotlin.Any?>): kotlin.Any? declared in kotlin.coroutines.jvm.internal.ContinuationImpl
        $this: VALUE_PARAMETER INSTANCE_RECEIVER name:<this> type:ai.orchestree.backend.database.SupabaseClientProvider.insertRecord-BWLJW6A.<Continuation>
        VALUE_PARAMETER name:$result index:0 type:kotlin.Result<kotlin.Any?>
        BLOCK_BODY
          SET_FIELD 'FIELD CONTINUATION_CLASS_RESULT_FIELD name:result type:kotlin.Result<kotlin.Any?> visibility:public/*package*/ declared in ai.orchestree.backend.database.SupabaseClientProvider.insertRecord-BWLJW6A.<Continuation>' type=kotlin.Unit origin=null
            receiver: GET_VAR '<this>: ai.orchestree.backend.database.SupabaseClientProvider.insertRecord-BWLJW6A.<Continuation> declared in ai.orchestree.backend.database.SupabaseClientProvider.insertRecord-BWLJW6A.<Continuation>.invokeSuspend' type=ai.orchestree.backend.database.SupabaseClientProvider.insertRecord-BWLJW6A.<Continuation> origin=null
            value: GET_VAR '$result: kotlin.Result<kotlin.Any?> declared in ai.orchestree.backend.database.SupabaseClientProvider.insertRecord-BWLJW6A.<Continuation>.invokeSuspend' type=kotlin.Result<kotlin.Any?> origin=null
          SET_FIELD 'FIELD name:label type:kotlin.Int visibility:public/*package*/ declared in ai.orchestree.backend.database.SupabaseClientProvider.insertRecord-BWLJW6A.<Continuation>' type=kotlin.Unit origin=null
            receiver: GET_VAR '<this>: ai.orchestree.backend.database.SupabaseClientProvider.insertRecord-BWLJW6A.<Continuation> declared in ai.orchestree.backend.database.SupabaseClientProvider.insertRecord-BWLJW6A.<Continuation>.invokeSuspend' type=ai.orchestree.backend.database.SupabaseClientProvider.insertRecord-BWLJW6A.<Continuation> origin=null
            value: CALL 'public final fun or (other: kotlin.Int): kotlin.Int [infix] declared in kotlin.Int' type=kotlin.Int origin=null
              $this: GET_FIELD 'FIELD name:label type:kotlin.Int visibility:public/*package*/ declared in ai.orchestree.backend.database.SupabaseClientProvider.insertRecord-BWLJW6A.<Continuation>' type=kotlin.Int origin=null
                receiver: GET_VAR '<this>: ai.orchestree.backend.database.SupabaseClientProvider.insertRecord-BWLJW6A.<Continuation> declared in ai.orchestree.backend.database.SupabaseClientProvider.insertRecord-BWLJW6A.<Continuation>.invokeSuspend' type=ai.orchestree.backend.database.SupabaseClientProvider.insertRecord-BWLJW6A.<Continuation> origin=null
              other: CONST Int type=kotlin.Int value=-2147483648
          RETURN type=kotlin.Nothing from='public final fun invokeSuspend ($result: kotlin.Result<kotlin.Any?>): kotlin.Any? declared in ai.orchestree.backend.database.SupabaseClientProvider.insertRecord-BWLJW6A.<Continuation>'
            CALL 'public final fun insertRecord-BWLJW6A (tableName: kotlin.String, tenantId: kotlin.String, jsonPayload: kotlin.String, $completion: kotlin.coroutines.Continuation<kotlin.Result<kotlin.String>>): kotlin.Any? [suspend] declared in ai.orchestree.backend.database.SupabaseClientProvider' type=kotlin.Any? origin=null
              $this: GET_FIELD 'FIELD FIELD_FOR_OUTER_THIS name:this$0 type:ai.orchestree.backend.database.SupabaseClientProvider visibility:public/*package*/ [final] declared in ai.orchestree.backend.database.SupabaseClientProvider.insertRecord-BWLJW6A.<Continuation>' type=ai.orchestree.backend.database.SupabaseClientProvider origin=null
                receiver: GET_VAR '<this>: ai.orchestree.backend.database.SupabaseClientProvider.insertRecord-BWLJW6A.<Continuation> declared in ai.orchestree.backend.database.SupabaseClientProvider.insertRecord-BWLJW6A.<Continuation>.invokeSuspend' type=ai.orchestree.backend.database.SupabaseClientProvider.insertRecord-BWLJW6A.<Continuation> origin=null
              tableName: CONST Null type=kotlin.String? value=null
              tenantId: CONST Null type=kotlin.String? value=null
              jsonPayload: CONST Null type=kotlin.String? value=null
              $completion: GET_VAR '<this>: ai.orchestree.backend.database.SupabaseClientProvider.insertRecord-BWLJW6A.<Continuation> declared in ai.orchestree.backend.database.SupabaseClientProvider.insertRecord-BWLJW6A.<Continuation>.invokeSuspend' type=ai.orchestree.backend.database.SupabaseClientProvider.insertRecord-BWLJW6A.<Continuation> origin=null
    WHEN type=kotlin.Unit origin=IF
      BRANCH
        if: CALL 'public final fun not (): kotlin.Boolean [operator] declared in kotlin.Boolean' type=kotlin.Boolean origin=null
          $this: CALL 'public final fun isConfigured (): kotlin.Boolean declared in ai.orchestree.backend.database.SupabaseClientProvider' type=kotlin.Boolean origin=null
            $this: GET_VAR '<this>: ai.orchestree.backend.database.SupabaseClientProvider declared in ai.orchestree.backend.database.SupabaseClientProvider.insertRecord-BWLJW6A' type=ai.orchestree.backend.database.SupabaseClientProvider origin=null
        then: BLOCK type=kotlin.Unit origin=null
          RETURN type=kotlin.Nothing from='public final fun insertRecord-BWLJW6A (tableName: kotlin.String, tenantId: kotlin.String, jsonPayload: kotlin.String, $completion: kotlin.coroutines.Continuation<kotlin.Result<kotlin.String>>): kotlin.Any? [suspend] declared in ai.orchestree.backend.database.SupabaseClientProvider'
            CALL 'public final fun failure-IoAF18A <T> (exception: kotlin.Throwable): kotlin.Result<T of kotlin.Result.Companion.failure> [inline] declared in kotlin.Result.Companion' type=kotlin.Result<kotlin.String> origin=null
              <T>: kotlin.String
              $this: TYPE_OP type=kotlin.Result.Companion origin=IMPLICIT_CAST typeOperand=kotlin.Result.Companion
                GET_FIELD 'FIELD FIELD_FOR_OBJECT_INSTANCE name:Companion type:kotlin.Result.Companion visibility:public [final,static] declared in kotlin.Result' type=kotlin.Result.Companion origin=null
              exception: CONSTRUCTOR_CALL 'public constructor <init> (p0: @[FlexibleNullability] kotlin.String?) declared in java.lang.IllegalStateException' type=java.lang.IllegalStateException origin=null
                p0: CONST String type=kotlin.String value="Supabase configuration missing"
    RETURN type=kotlin.Nothing from='public final fun insertRecord-BWLJW6A (tableName: kotlin.String, tenantId: kotlin.String, jsonPayload: kotlin.String, $completion: kotlin.coroutines.Continuation<kotlin.Result<kotlin.String>>): kotlin.Any? [suspend] declared in ai.orchestree.backend.database.SupabaseClientProvider'
      TRY type=kotlin.Result<kotlin.String>
        try: BLOCK type=kotlin.Result<kotlin.String> origin=null
          VAR name:body type:kotlin.String [val]
            CALL 'public final fun withContext <T> (context: kotlin.coroutines.CoroutineContext, block: @[ExtensionFunctionType] kotlin.coroutines.SuspendFunction1<kotlinx.coroutines.CoroutineScope, T of kotlinx.coroutines.BuildersKt.withContext>, $completion: kotlin.coroutines.Continuation<T of kotlinx.coroutines.BuildersKt.withContext>): kotlin.Any? [suspend] declared in kotlinx.coroutines.BuildersKt' type=kotlin.String origin=null
              <T>: kotlin.String
              context: CALL 'public final fun <get-IO> (): kotlinx.coroutines.CoroutineDispatcher declared in kotlinx.coroutines.Dispatchers' type=kotlinx.coroutines.CoroutineDispatcher origin=GET_PROPERTY
              block: BLOCK type=ai.orchestree.backend.database.SupabaseClientProvider.insertRecord-BWLJW6A.<no name provided> origin=null
                CLASS SUSPEND_LAMBDA CLASS name:<no name provided> modality:FINAL visibility:public/*package*/ superTypes:[kotlin.coroutines.jvm.internal.SuspendLambda; kotlin.jvm.functions.Function2<kotlinx.coroutines.CoroutineScope, kotlin.coroutines.Continuation<kotlin.String>?, kotlin.Any?>]
                  $this: VALUE_PARAMETER INSTANCE_RECEIVER name:<this> type:ai.orchestree.backend.database.SupabaseClientProvider.insertRecord-BWLJW6A.<no name provided>
                  FIELD name:label type:kotlin.Int visibility:public/*package*/
                  CONSTRUCTOR SUSPEND_LAMBDA visibility:public/*package*/ <> (this$0:ai.orchestree.backend.database.SupabaseClientProvider, $tableName:kotlin.String, $tenantId:kotlin.String, $jsonPayload:kotlin.String, $completion:kotlin.coroutines.Continuation<ai.orchestree.backend.database.SupabaseClientProvider.insertRecord-BWLJW6A.<no name provided>>?) returnType:ai.orchestree.backend.database.SupabaseClientProvider.insertRecord-BWLJW6A.<no name provided> [primary]
                    VALUE_PARAMETER BOUND_RECEIVER_PARAMETER name:this$0 index:0 type:ai.orchestree.backend.database.SupabaseClientProvider
                    VALUE_PARAMETER BOUND_VALUE_PARAMETER name:$tableName index:1 type:kotlin.String
                    VALUE_PARAMETER BOUND_VALUE_PARAMETER name:$tenantId index:2 type:kotlin.String
                    VALUE_PARAMETER BOUND_VALUE_PARAMETER name:$jsonPayload index:3 type:kotlin.String
                    VALUE_PARAMETER name:$completion index:4 type:kotlin.coroutines.Continuation<ai.orchestree.backend.database.SupabaseClientProvider.insertRecord-BWLJW6A.<no name provided>>?
                    BLOCK_BODY
                      SET_FIELD 'FIELD FIELD_FOR_CAPTURED_VALUE name:this$0 type:ai.orchestree.backend.database.SupabaseClientProvider visibility:public/*package*/ [final] declared in ai.orchestree.backend.database.SupabaseClientProvider.insertRecord-BWLJW6A.<no name provided>' type=kotlin.Unit origin=INITIALIZER_OF_FIELD_FOR_CAPTURED_VALUE
                        receiver: GET_VAR '<this>: ai.orchestree.backend.database.SupabaseClientProvider.insertRecord-BWLJW6A.<no name provided> declared in ai.orchestree.backend.database.SupabaseClientProvider.insertRecord-BWLJW6A.<no name provided>' type=ai.orchestree.backend.database.SupabaseClientProvider.insertRecord-BWLJW6A.<no name provided> origin=null
                        value: GET_VAR 'this$0: ai.orchestree.backend.database.SupabaseClientProvider declared in ai.orchestree.backend.database.SupabaseClientProvider.insertRecord-BWLJW6A.<no name provided>.<init>' type=ai.orchestree.backend.database.SupabaseClientProvider origin=null
                      SET_FIELD 'FIELD FIELD_FOR_CAPTURED_VALUE name:$tableName type:kotlin.String visibility:public/*package*/ [final] declared in ai.orchestree.backend.database.SupabaseClientProvider.insertRecord-BWLJW6A.<no name provided>' type=kotlin.Unit origin=INITIALIZER_OF_FIELD_FOR_CAPTURED_VALUE
                        receiver: GET_VAR '<this>: ai.orchestree.backend.database.SupabaseClientProvider.insertRecord-BWLJW6A.<no name provided> declared in ai.orchestree.backend.database.SupabaseClientProvider.insertRecord-BWLJW6A.<no name provided>' type=ai.orchestree.backend.database.SupabaseClientProvider.insertRecord-BWLJW6A.<no name provided> origin=null
                        value: GET_VAR '$tableName: kotlin.String declared in ai.orchestree.backend.database.SupabaseClientProvider.insertRecord-BWLJW6A.<no name provided>.<init>' type=kotlin.String origin=null
                      SET_FIELD 'FIELD FIELD_FOR_CAPTURED_VALUE name:$tenantId type:kotlin.String visibility:public/*package*/ [final] declared in ai.orchestree.backend.database.SupabaseClientProvider.insertRecord-BWLJW6A.<no name provided>' type=kotlin.Unit origin=INITIALIZER_OF_FIELD_FOR_CAPTURED_VALUE
                        receiver: GET_VAR '<this>: ai.orchestree.backend.database.SupabaseClientProvider.insertRecord-BWLJW6A.<no name provided> declared in ai.orchestree.backend.database.SupabaseClientProvider.insertRecord-BWLJW6A.<no name provided>' type=ai.orchestree.backend.database.SupabaseClientProvider.insertRecord-BWLJW6A.<no name provided> origin=null
                        value: GET_VAR '$tenantId: kotlin.String declared in ai.orchestree.backend.database.SupabaseClientProvider.insertRecord-BWLJW6A.<no name provided>.<init>' type=kotlin.String origin=null
                      SET_FIELD 'FIELD FIELD_FOR_CAPTURED_VALUE name:$jsonPayload type:kotlin.String visibility:public/*package*/ [final] declared in ai.orchestree.backend.database.SupabaseClientProvider.insertRecord-BWLJW6A.<no name provided>' type=kotlin.Unit origin=INITIALIZER_OF_FIELD_FOR_CAPTURED_VALUE
                        receiver: GET_VAR '<this>: ai.orchestree.backend.database.SupabaseClientProvider.insertRecord-BWLJW6A.<no name provided> declared in ai.orchestree.backend.database.SupabaseClientProvider.insertRecord-BWLJW6A.<no name provided>' type=ai.orchestree.backend.database.SupabaseClientProvider.insertRecord-BWLJW6A.<no name provided> origin=null
                        value: GET_VAR '$jsonPayload: kotlin.String declared in ai.orchestree.backend.database.SupabaseClientProvider.insertRecord-BWLJW6A.<no name provided>.<init>' type=kotlin.String origin=null
                      DELEGATING_CONSTRUCTOR_CALL 'public constructor <init> (arity: kotlin.Int, $completion: kotlin.coroutines.Continuation<kotlin.Any?>?) declared in kotlin.coroutines.jvm.internal.SuspendLambda'
                        arity: CONST Int type=kotlin.Int value=2
                        $completion: GET_VAR '$completion: kotlin.coroutines.Continuation<ai.orchestree.backend.database.SupabaseClientProvider.insertRecord-BWLJW6A.<no name provided>>? declared in ai.orchestree.backend.database.SupabaseClientProvider.insertRecord-BWLJW6A.<no name provided>.<init>' type=kotlin.coroutines.Continuation<ai.orchestree.backend.database.SupabaseClientProvider.insertRecord-BWLJW6A.<no name provided>>? origin=null
                      BLOCK type=kotlin.Unit origin=null
                  FUN name:invokeSuspend visibility:public modality:FINAL <> ($this:ai.orchestree.backend.database.SupabaseClientProvider.insertRecord-BWLJW6A.<no name provided>, $result:kotlin.Result<kotlin.Any?>) returnType:kotlin.Any?
                    overridden:
                      protected abstract fun invokeSuspend ($result: kotlin.Result<kotlin.Any?>): kotlin.Any? declared in kotlin.coroutines.jvm.internal.SuspendLambda
                    $this: VALUE_PARAMETER INSTANCE_RECEIVER name:<this> type:ai.orchestree.backend.database.SupabaseClientProvider.insertRecord-BWLJW6A.<no name provided>
                    VALUE_PARAMETER name:$result index:0 type:kotlin.Result<kotlin.Any?>
                    BLOCK_BODY
                      VAR name:endpoint type:kotlin.String [val]
                        STRING_CONCATENATION type=kotlin.String
                          CALL 'public final fun trimEnd (vararg chars: kotlin.Char): kotlin.String declared in kotlin.text.StringsKt' type=kotlin.String origin=null
                            $receiver: CALL 'public final fun <get-url> (): kotlin.String declared in ai.orchestree.backend.config.SupabaseConfig' type=kotlin.String origin=GET_PROPERTY
                              $this: CALL 'public final fun access$getConfig$p ($this: ai.orchestree.backend.database.SupabaseClientProvider): ai.orchestree.backend.config.SupabaseConfig declared in ai.orchestree.backend.database.SupabaseClientProvider' type=ai.orchestree.backend.config.SupabaseConfig origin=null
                                $this: GET_FIELD 'FIELD FIELD_FOR_CAPTURED_VALUE name:this$0 type:ai.orchestree.backend.database.SupabaseClientProvider visibility:public/*package*/ [final] declared in ai.orchestree.backend.database.SupabaseClientProvider.insertRecord-BWLJW6A.<no name provided>' type=ai.orchestree.backend.database.SupabaseClientProvider origin=null
                                  receiver: GET_VAR '<this>: ai.orchestree.backend.database.SupabaseClientProvider.insertRecord-BWLJW6A.<no name provided> declared in ai.orchestree.backend.database.SupabaseClientProvider.insertRecord-BWLJW6A.<no name provided>.invokeSuspend' type=ai.orchestree.backend.database.SupabaseClientProvider.insertRecord-BWLJW6A.<no name provided> origin=null
                            chars: BLOCK type=kotlin.CharArray origin=null
                              VAR IR_TEMPORARY_VARIABLE name:tmp0 type:kotlin.CharArray [val]
                                CONSTRUCTOR_CALL 'public constructor <init> (size: kotlin.Int) [primary] declared in kotlin.CharArray' type=kotlin.CharArray origin=null
                                  size: CONST Int type=kotlin.Int value=1
                              CALL 'public final fun set (index: kotlin.Int, value: kotlin.Char): kotlin.Unit [operator] declared in kotlin.CharArray' type=kotlin.Unit origin=null
                                $this: GET_VAR 'val tmp0: kotlin.CharArray [val] declared in ai.orchestree.backend.database.SupabaseClientProvider.insertRecord-BWLJW6A.<no name provided>.invokeSuspend' type=kotlin.CharArray origin=null
                                index: CONST Int type=kotlin.Int value=0
                                value: CONST Char type=kotlin.Char value='/'
                              GET_VAR 'val tmp0: kotlin.CharArray [val] declared in ai.orchestree.backend.database.SupabaseClientProvider.insertRecord-BWLJW6A.<no name provided>.invokeSuspend' type=kotlin.CharArray origin=null
                          CONST String type=kotlin.String value="/rest/v1/"
                          GET_FIELD 'FIELD FIELD_FOR_CAPTURED_VALUE name:$tableName type:kotlin.String visibility:public/*package*/ [final] declared in ai.orchestree.backend.database.SupabaseClientProvider.insertRecord-BWLJW6A.<no name provided>' type=kotlin.String origin=null
                            receiver: GET_VAR '<this>: ai.orchestree.backend.database.SupabaseClientProvider.insertRecord-BWLJW6A.<no name provided> declared in ai.orchestree.backend.database.SupabaseClientProvider.insertRecord-BWLJW6A.<no name provided>.invokeSuspend' type=ai.orchestree.backend.database.SupabaseClientProvider.insertRecord-BWLJW6A.<no name provided> origin=null
                      VAR name:response type:io.ktor.client.statement.HttpResponse [val]
                        CALL 'public final fun post (urlString: kotlin.String, block: @[ExtensionFunctionType] kotlin.Function1<io.ktor.client.request.HttpRequestBuilder, kotlin.Unit>, $completion: kotlin.coroutines.Continuation<io.ktor.client.statement.HttpResponse>): kotlin.Any? [inline,suspend] declared in io.ktor.client.request.BuildersKt' type=io.ktor.client.statement.HttpResponse origin=null
                          $receiver: CALL 'public final fun access$getHttpClient$p ($this: ai.orchestree.backend.database.SupabaseClientProvider): io.ktor.client.HttpClient declared in ai.orchestree.backend.database.SupabaseClientProvider' type=io.ktor.client.HttpClient origin=null
                            $this: GET_FIELD 'FIELD FIELD_FOR_CAPTURED_VALUE name:this$0 type:ai.orchestree.backend.database.SupabaseClientProvider visibility:public/*package*/ [final] declared in ai.orchestree.backend.database.SupabaseClientProvider.insertRecord-BWLJW6A.<no name provided>' type=ai.orchestree.backend.database.SupabaseClientProvider origin=null
                              receiver: GET_VAR '<this>: ai.orchestree.backend.database.SupabaseClientProvider.insertRecord-BWLJW6A.<no name provided> declared in ai.orchestree.backend.database.SupabaseClientProvider.insertRecord-BWLJW6A.<no name provided>.invokeSuspend' type=ai.orchestree.backend.database.SupabaseClientProvider.insertRecord-BWLJW6A.<no name provided> origin=null
                          urlString: GET_VAR 'val endpoint: kotlin.String [val] declared in ai.orchestree.backend.database.SupabaseClientProvider.insertRecord-BWLJW6A.<no name provided>.invokeSuspend' type=kotlin.String origin=null
                          block: BLOCK type=@[ExtensionFunctionType] kotlin.Function1<io.ktor.client.request.HttpRequestBuilder, kotlin.Unit> origin=LAMBDA
                            COMPOSITE type=kotlin.Unit origin=null
                            FUNCTION_REFERENCE 'private final fun invokeSuspend$lambda$0 (this$0: ai.orchestree.backend.database.SupabaseClientProvider, $tenantId: kotlin.String, $jsonPayload: kotlin.String): kotlin.Unit declared in ai.orchestree.backend.database.SupabaseClientProvider.insertRecord-BWLJW6A.<no name provided>' type=@[ExtensionFunctionType] kotlin.Function1<io.ktor.client.request.HttpRequestBuilder, kotlin.Unit> origin=INLINE_LAMBDA reflectionTarget=null
                              this$0: GET_FIELD 'FIELD FIELD_FOR_CAPTURED_VALUE name:this$0 type:ai.orchestree.backend.database.SupabaseClientProvider visibility:public/*package*/ [final] declared in ai.orchestree.backend.database.SupabaseClientProvider.insertRecord-BWLJW6A.<no name provided>' type=ai.orchestree.backend.database.SupabaseClientProvider origin=null
                                receiver: GET_VAR '<this>: ai.orchestree.backend.database.SupabaseClientProvider.insertRecord-BWLJW6A.<no name provided> declared in ai.orchestree.backend.database.SupabaseClientProvider.insertRecord-BWLJW6A.<no name provided>.invokeSuspend' type=ai.orchestree.backend.database.SupabaseClientProvider.insertRecord-BWLJW6A.<no name provided> origin=null
                              $tenantId: GET_FIELD 'FIELD FIELD_FOR_CAPTURED_VALUE name:$tenantId type:kotlin.String visibility:public/*package*/ [final] declared in ai.orchestree.backend.database.SupabaseClientProvider.insertRecord-BWLJW6A.<no name provided>' type=kotlin.String origin=null
                                receiver: GET_VAR '<this>: ai.orchestree.backend.database.SupabaseClientProvider.insertRecord-BWLJW6A.<no name provided> declared in ai.orchestree.backend.database.SupabaseClientProvider.insertRecord-BWLJW6A.<no name provided>.invokeSuspend' type=ai.orchestree.backend.database.SupabaseClientProvider.insertRecord-BWLJW6A.<no name provided> origin=null
                              $jsonPayload: GET_FIELD 'FIELD FIELD_FOR_CAPTURED_VALUE name:$jsonPayload type:kotlin.String visibility:public/*package*/ [final] declared in ai.orchestree.backend.database.SupabaseClientProvider.insertRecord-BWLJW6A.<no name provided>' type=kotlin.String origin=null
                                receiver: GET_VAR '<this>: ai.orchestree.backend.database.SupabaseClientProvider.insertRecord-BWLJW6A.<no name provided> declared in ai.orchestree.backend.database.SupabaseClientProvider.insertRecord-BWLJW6A.<no name provided>.invokeSuspend' type=ai.orchestree.backend.database.SupabaseClientProvider.insertRecord-BWLJW6A.<no name provided> origin=null
                          $completion: GET_VAR '<this>: ai.orchestree.backend.database.SupabaseClientProvider.insertRecord-BWLJW6A.<no name provided> declared in ai.orchestree.backend.database.SupabaseClientProvider.insertRecord-BWLJW6A.<no name provided>.invokeSuspend' type=ai.orchestree.backend.database.SupabaseClientProvider.insertRecord-BWLJW6A.<no name provided> origin=null
                      VAR name:resText type:kotlin.String [val]
                        CALL 'public final fun bodyAsText$default (fallbackCharset: java.nio.charset.Charset?, $completion: kotlin.coroutines.Continuation<kotlin.String>, $mask0: kotlin.Int, $handler: kotlin.Any?): kotlin.Any? [suspend] declared in io.ktor.client.statement.HttpResponseKt' type=kotlin.String origin=DEFAULT_DISPATCH_CALL
                          $receiver: GET_VAR 'val response: io.ktor.client.statement.HttpResponse [val] declared in ai.orchestree.backend.database.SupabaseClientProvider.insertRecord-BWLJW6A.<no name provided>.invokeSuspend' type=io.ktor.client.statement.HttpResponse origin=null
                          fallbackCharset: COMPOSITE type=java.nio.charset.Charset? origin=DEFAULT_VALUE
                            CONST Null type=java.nio.charset.Charset? value=null
                          $completion: GET_VAR '<this>: ai.orchestree.backend.database.SupabaseClientProvider.insertRecord-BWLJW6A.<no name provided> declared in ai.orchestree.backend.database.SupabaseClientProvider.insertRecord-BWLJW6A.<no name provided>.invokeSuspend' type=ai.orchestree.backend.database.SupabaseClientProvider.insertRecord-BWLJW6A.<no name provided> origin=null
                          $mask0: CONST Int type=kotlin.Int value=1
                          $handler: CONST Null type=kotlin.Any? value=null
                      RETURN type=kotlin.Nothing from='public final fun invokeSuspend ($result: kotlin.Result<kotlin.Any?>): kotlin.Any? declared in ai.orchestree.backend.database.SupabaseClientProvider.insertRecord-BWLJW6A.<no name provided>'
                        WHEN type=kotlin.String origin=IF
                          BRANCH
                            if: CALL 'public final fun isSuccess (): kotlin.Boolean declared in io.ktor.http.HttpStatusCodeKt' type=kotlin.Boolean origin=null
                              $receiver: CALL 'public abstract fun <get-status> (): io.ktor.http.HttpStatusCode declared in io.ktor.client.statement.HttpResponse' type=io.ktor.http.HttpStatusCode origin=GET_PROPERTY
                                $this: GET_VAR 'val response: io.ktor.client.statement.HttpResponse [val] declared in ai.orchestree.backend.database.SupabaseClientProvider.insertRecord-BWLJW6A.<no name provided>.invokeSuspend' type=io.ktor.client.statement.HttpResponse origin=null
                            then: BLOCK type=kotlin.String origin=null
                              CALL 'public abstract fun info (p0: @[FlexibleNullability] kotlin.String?): kotlin.Unit declared in org.slf4j.Logger' type=kotlin.Unit origin=null
                                $this: CALL 'public final fun access$getLogger$p ($this: ai.orchestree.backend.database.SupabaseClientProvider): @[FlexibleNullability] org.slf4j.Logger? declared in ai.orchestree.backend.database.SupabaseClientProvider' type=@[FlexibleNullability] org.slf4j.Logger? origin=null
                                  $this: GET_FIELD 'FIELD FIELD_FOR_CAPTURED_VALUE name:this$0 type:ai.orchestree.backend.database.SupabaseClientProvider visibility:public/*package*/ [final] declared in ai.orchestree.backend.database.SupabaseClientProvider.insertRecord-BWLJW6A.<no name provided>' type=ai.orchestree.backend.database.SupabaseClientProvider origin=null
                                    receiver: GET_VAR '<this>: ai.orchestree.backend.database.SupabaseClientProvider.insertRecord-BWLJW6A.<no name provided> declared in ai.orchestree.backend.database.SupabaseClientProvider.insertRecord-BWLJW6A.<no name provided>.invokeSuspend' type=ai.orchestree.backend.database.SupabaseClientProvider.insertRecord-BWLJW6A.<no name provided> origin=null
                                p0: STRING_CONCATENATION type=kotlin.String
                                  CONST String type=kotlin.String value="Successfully inserted record into "
                                  GET_FIELD 'FIELD FIELD_FOR_CAPTURED_VALUE name:$tableName type:kotlin.String visibility:public/*package*/ [final] declared in ai.orchestree.backend.database.SupabaseClientProvider.insertRecord-BWLJW6A.<no name provided>' type=kotlin.String origin=null
                                    receiver: GET_VAR '<this>: ai.orchestree.backend.database.SupabaseClientProvider.insertRecord-BWLJW6A.<no name provided> declared in ai.orchestree.backend.database.SupabaseClientProvider.insertRecord-BWLJW6A.<no name provided>.invokeSuspend' type=ai.orchestree.backend.database.SupabaseClientProvider.insertRecord-BWLJW6A.<no name provided> origin=null
                                  CONST String type=kotlin.String value=" for tenant "
                                  GET_FIELD 'FIELD FIELD_FOR_CAPTURED_VALUE name:$tenantId type:kotlin.String visibility:public/*package*/ [final] declared in ai.orchestree.backend.database.SupabaseClientProvider.insertRecord-BWLJW6A.<no name provided>' type=kotlin.String origin=null
                                    receiver: GET_VAR '<this>: ai.orchestree.backend.database.SupabaseClientProvider.insertRecord-BWLJW6A.<no name provided> declared in ai.orchestree.backend.database.SupabaseClientProvider.insertRecord-BWLJW6A.<no name provided>.invokeSuspend' type=ai.orchestree.backend.database.SupabaseClientProvider.insertRecord-BWLJW6A.<no name provided> origin=null
                                  CONST String type=kotlin.String value=" (Realtime broadcast enabled via Postgres replication)"
                              GET_VAR 'val resText: kotlin.String [val] declared in ai.orchestree.backend.database.SupabaseClientProvider.insertRecord-BWLJW6A.<no name provided>.invokeSuspend' type=kotlin.String origin=null
                          BRANCH
                            if: CONST Boolean type=kotlin.Boolean value=true
                            then: BLOCK type=kotlin.Unit origin=null
                              CALL 'public abstract fun error (p0: @[FlexibleNullability] kotlin.String?): kotlin.Unit declared in org.slf4j.Logger' type=kotlin.Unit origin=null
                                $this: CALL 'public final fun access$getLogger$p ($this: ai.orchestree.backend.database.SupabaseClientProvider): @[FlexibleNullability] org.slf4j.Logger? declared in ai.orchestree.backend.database.SupabaseClientProvider' type=@[FlexibleNullability] org.slf4j.Logger? origin=null
                                  $this: GET_FIELD 'FIELD FIELD_FOR_CAPTURED_VALUE name:this$0 type:ai.orchestree.backend.database.SupabaseClientProvider visibility:public/*package*/ [final] declared in ai.orchestree.backend.database.SupabaseClientProvider.insertRecord-BWLJW6A.<no name provided>' type=ai.orchestree.backend.database.SupabaseClientProvider origin=null
                                    receiver: GET_VAR '<this>: ai.orchestree.backend.database.SupabaseClientProvider.insertRecord-BWLJW6A.<no name provided> declared in ai.orchestree.backend.database.SupabaseClientProvider.insertRecord-BWLJW6A.<no name provided>.invokeSuspend' type=ai.orchestree.backend.database.SupabaseClientProvider.insertRecord-BWLJW6A.<no name provided> origin=null
                                p0: STRING_CONCATENATION type=kotlin.String
                                  CONST String type=kotlin.String value="Supabase insert error on "
                                  GET_FIELD 'FIELD FIELD_FOR_CAPTURED_VALUE name:$tableName type:kotlin.String visibility:public/*package*/ [final] declared in ai.orchestree.backend.database.SupabaseClientProvider.insertRecord-BWLJW6A.<no name provided>' type=kotlin.String origin=null
                                    receiver: GET_VAR '<this>: ai.orchestree.backend.database.SupabaseClientProvider.insertRecord-BWLJW6A.<no name provided> declared in ai.orchestree.backend.database.SupabaseClientProvider.insertRecord-BWLJW6A.<no name provided>.invokeSuspend' type=ai.orchestree.backend.database.SupabaseClientProvider.insertRecord-BWLJW6A.<no name provided> origin=null
                                  CONST String type=kotlin.String value=": HTTP "
                                  CALL 'public final fun <get-value> (): kotlin.Int declared in io.ktor.http.HttpStatusCode' type=kotlin.Int origin=GET_PROPERTY
                                    $this: CALL 'public abstract fun <get-status> (): io.ktor.http.HttpStatusCode declared in io.ktor.client.statement.HttpResponse' type=io.ktor.http.HttpStatusCode origin=GET_PROPERTY
                                      $this: GET_VAR 'val response: io.ktor.client.statement.HttpResponse [val] declared in ai.orchestree.backend.database.SupabaseClientProvider.insertRecord-BWLJW6A.<no name provided>.invokeSuspend' type=io.ktor.client.statement.HttpResponse origin=null
                                  CONST String type=kotlin.String value=" - "
                                  GET_VAR 'val resText: kotlin.String [val] declared in ai.orchestree.backend.database.SupabaseClientProvider.insertRecord-BWLJW6A.<no name provided>.invokeSuspend' type=kotlin.String origin=null
                              THROW type=kotlin.Nothing
                                CONSTRUCTOR_CALL 'public constructor <init> (p0: @[FlexibleNullability] kotlin.String?) declared in java.lang.RuntimeException' type=java.lang.RuntimeException origin=null
                                  p0: STRING_CONCATENATION type=kotlin.String
                                    CONST String type=kotlin.String value="Supabase insert error: "
                                    GET_VAR 'val resText: kotlin.String [val] declared in ai.orchestree.backend.database.SupabaseClientProvider.insertRecord-BWLJW6A.<no name provided>.invokeSuspend' type=kotlin.String origin=null
                  FUN name:create visibility:public modality:FINAL <> ($this:ai.orchestree.backend.database.SupabaseClientProvider.insertRecord-BWLJW6A.<no name provided>, value:kotlin.Any?, $completion:kotlin.coroutines.Continuation<kotlin.Nothing>) returnType:kotlin.coroutines.Continuation<kotlin.Unit>
                    overridden:
                      public open fun create (value: kotlin.Any?, $completion: kotlin.coroutines.Continuation<kotlin.Nothing>): kotlin.coroutines.Continuation<kotlin.Unit> declared in kotlin.coroutines.jvm.internal.SuspendLambda
                    $this: VALUE_PARAMETER INSTANCE_RECEIVER name:<this> type:ai.orchestree.backend.database.SupabaseClientProvider.insertRecord-BWLJW6A.<no name provided>
                    VALUE_PARAMETER name:value index:0 type:kotlin.Any?
                    VALUE_PARAMETER name:$completion index:1 type:kotlin.coroutines.Continuation<kotlin.Nothing>
                    BLOCK_BODY
                      RETURN type=kotlin.Nothing from='public final fun create (value: kotlin.Any?, $completion: kotlin.coroutines.Continuation<kotlin.Nothing>): kotlin.coroutines.Continuation<kotlin.Unit> declared in ai.orchestree.backend.database.SupabaseClientProvider.insertRecord-BWLJW6A.<no name provided>'
                        CONSTRUCTOR_CALL 'public/*package*/ constructor <init> (this$0: ai.orchestree.backend.database.SupabaseClientProvider, $tableName: kotlin.String, $tenantId: kotlin.String, $jsonPayload: kotlin.String, $completion: kotlin.coroutines.Continuation<ai.orchestree.backend.database.SupabaseClientProvider.insertRecord-BWLJW6A.<no name provided>>?) [primary] declared in ai.orchestree.backend.database.SupabaseClientProvider.insertRecord-BWLJW6A.<no name provided>' type=ai.orchestree.backend.database.SupabaseClientProvider.insertRecord-BWLJW6A.<no name provided> origin=null
                          this$0: GET_FIELD 'FIELD FIELD_FOR_CAPTURED_VALUE name:this$0 type:ai.orchestree.backend.database.SupabaseClientProvider visibility:public/*package*/ [final] declared in ai.orchestree.backend.database.SupabaseClientProvider.insertRecord-BWLJW6A.<no name provided>' type=ai.orchestree.backend.database.SupabaseClientProvider origin=null
                            receiver: GET_VAR '<this>: ai.orchestree.backend.database.SupabaseClientProvider.insertRecord-BWLJW6A.<no name provided> declared in ai.orchestree.backend.database.SupabaseClientProvider.insertRecord-BWLJW6A.<no name provided>.create' type=ai.orchestree.backend.database.SupabaseClientProvider.insertRecord-BWLJW6A.<no name provided> origin=null
                          $tableName: GET_FIELD 'FIELD FIELD_FOR_CAPTURED_VALUE name:$tableName type:kotlin.String visibility:public/*package*/ [final] declared in ai.orchestree.backend.database.SupabaseClientProvider.insertRecord-BWLJW6A.<no name provided>' type=kotlin.String origin=null
                            receiver: GET_VAR '<this>: ai.orchestree.backend.database.SupabaseClientProvider.insertRecord-BWLJW6A.<no name provided> declared in ai.orchestree.backend.database.SupabaseClientProvider.insertRecord-BWLJW6A.<no name provided>.create' type=ai.orchestree.backend.database.SupabaseClientProvider.insertRecord-BWLJW6A.<no name provided> origin=null
                          $tenantId: GET_FIELD 'FIELD FIELD_FOR_CAPTURED_VALUE name:$tenantId type:kotlin.String visibility:public/*package*/ [final] declared in ai.orchestree.backend.database.SupabaseClientProvider.insertRecord-BWLJW6A.<no name provided>' type=kotlin.String origin=null
                            receiver: GET_VAR '<this>: ai.orchestree.backend.database.SupabaseClientProvider.insertRecord-BWLJW6A.<no name provided> declared in ai.orchestree.backend.database.SupabaseClientProvider.insertRecord-BWLJW6A.<no name provided>.create' type=ai.orchestree.backend.database.SupabaseClientProvider.insertRecord-BWLJW6A.<no name provided> origin=null
                          $jsonPayload: GET_FIELD 'FIELD FIELD_FOR_CAPTURED_VALUE name:$jsonPayload type:kotlin.String visibility:public/*package*/ [final] declared in ai.orchestree.backend.database.SupabaseClientProvider.insertRecord-BWLJW6A.<no name provided>' type=kotlin.String origin=null
                            receiver: GET_VAR '<this>: ai.orchestree.backend.database.SupabaseClientProvider.insertRecord-BWLJW6A.<no name provided> declared in ai.orchestree.backend.database.SupabaseClientProvider.insertRecord-BWLJW6A.<no name provided>.create' type=ai.orchestree.backend.database.SupabaseClientProvider.insertRecord-BWLJW6A.<no name provided> origin=null
                          $completion: GET_VAR '$completion: kotlin.coroutines.Continuation<kotlin.Nothing> declared in ai.orchestree.backend.database.SupabaseClientProvider.insertRecord-BWLJW6A.<no name provided>.create' type=kotlin.coroutines.Continuation<kotlin.Nothing> origin=null
                  FUN name:invoke visibility:public modality:FINAL <> ($this:ai.orchestree.backend.database.SupabaseClientProvider.insertRecord-BWLJW6A.<no name provided>, p1:kotlinx.coroutines.CoroutineScope, p2:kotlin.coroutines.Continuation<kotlin.String>?) returnType:kotlin.Any?
                    overridden:
                      public abstract fun invoke (p1: P1 of kotlin.jvm.functions.Function2, p2: P2 of kotlin.jvm.functions.Function2): R of kotlin.jvm.functions.Function2 declared in kotlin.jvm.functions.Function2
                    $this: VALUE_PARAMETER INSTANCE_RECEIVER name:<this> type:ai.orchestree.backend.database.SupabaseClientProvider.insertRecord-BWLJW6A.<no name provided>
                    VALUE_PARAMETER name:p1 index:0 type:kotlinx.coroutines.CoroutineScope
                    VALUE_PARAMETER name:p2 index:1 type:kotlin.coroutines.Continuation<kotlin.String>?
                    BLOCK_BODY
                      RETURN type=kotlin.Nothing from='public final fun invoke (p1: kotlinx.coroutines.CoroutineScope, p2: kotlin.coroutines.Continuation<kotlin.String>?): kotlin.Any? declared in ai.orchestree.backend.database.SupabaseClientProvider.insertRecord-BWLJW6A.<no name provided>'
                        CALL 'public final fun invokeSuspend ($result: kotlin.Result<kotlin.Any?>): kotlin.Any? declared in ai.orchestree.backend.database.SupabaseClientProvider.insertRecord-BWLJW6A.<no name provided>' type=kotlin.Any? origin=null
                          $this: TYPE_OP type=ai.orchestree.backend.database.SupabaseClientProvider.insertRecord-BWLJW6A.<no name provided> origin=IMPLICIT_CAST typeOperand=ai.orchestree.backend.database.SupabaseClientProvider.insertRecord-BWLJW6A.<no name provided>
                            CALL 'public final fun create (value: kotlin.Any?, $completion: kotlin.coroutines.Continuation<kotlin.Nothing>): kotlin.coroutines.Continuation<kotlin.Unit> declared in ai.orchestree.backend.database.SupabaseClientProvider.insertRecord-BWLJW6A.<no name provided>' type=kotlin.coroutines.Continuation<kotlin.Unit> origin=null
                              $this: GET_VAR '<this>: ai.orchestree.backend.database.SupabaseClientProvider.insertRecord-BWLJW6A.<no name provided> declared in ai.orchestree.backend.database.SupabaseClientProvider.insertRecord-BWLJW6A.<no name provided>.invoke' type=ai.orchestree.backend.database.SupabaseClientProvider.insertRecord-BWLJW6A.<no name provided> origin=null
                              value: GET_VAR 'p1: kotlinx.coroutines.CoroutineScope declared in ai.orchestree.backend.database.SupabaseClientProvider.insertRecord-BWLJW6A.<no name provided>.invoke' type=kotlinx.coroutines.CoroutineScope origin=null
                              $completion: GET_VAR 'p2: kotlin.coroutines.Continuation<kotlin.String>? declared in ai.orchestree.backend.database.SupabaseClientProvider.insertRecord-BWLJW6A.<no name provided>.invoke' type=kotlin.coroutines.Continuation<kotlin.String>? origin=null
                          $result: CALL 'public final fun <unsafe-coerce> <T, R> (v: T of kotlin.jvm.internal.<unsafe-coerce>): R of kotlin.jvm.internal.<unsafe-coerce> declared in kotlin.jvm.internal' type=kotlin.Result<kotlin.Any?> origin=null
                            <T>: kotlin.Any?
                            <R>: kotlin.Result<kotlin.Any?>
                            v: GET_FIELD 'FIELD FIELD_FOR_OBJECT_INSTANCE name:INSTANCE type:kotlin.Unit visibility:public [final,static] declared in kotlin.Unit' type=kotlin.Unit origin=null
                  FIELD FIELD_FOR_CAPTURED_VALUE name:this$0 type:ai.orchestree.backend.database.SupabaseClientProvider visibility:public/*package*/ [final]
                  FIELD FIELD_FOR_CAPTURED_VALUE name:$tableName type:kotlin.String visibility:public/*package*/ [final]
                  FIELD FIELD_FOR_CAPTURED_VALUE name:$tenantId type:kotlin.String visibility:public/*package*/ [final]
                  FIELD FIELD_FOR_CAPTURED_VALUE name:$jsonPayload type:kotlin.String visibility:public/*package*/ [final]
                  FUN INLINE_LAMBDA name:invokeSuspend$lambda$0 visibility:private modality:FINAL <> ($receiver:io.ktor.client.request.HttpRequestBuilder, this$0:ai.orchestree.backend.database.SupabaseClientProvider, $tenantId:kotlin.String, $jsonPayload:kotlin.String) returnType:kotlin.Unit
                    $receiver: VALUE_PARAMETER name:$this$post type:io.ktor.client.request.HttpRequestBuilder
                    VALUE_PARAMETER BOUND_VALUE_PARAMETER name:this$0 index:0 type:ai.orchestree.backend.database.SupabaseClientProvider
                    VALUE_PARAMETER BOUND_VALUE_PARAMETER name:$tenantId index:1 type:kotlin.String
                    VALUE_PARAMETER BOUND_VALUE_PARAMETER name:$jsonPayload index:2 type:kotlin.String
                    BLOCK_BODY
                      VAR name:$i$a$-post-SupabaseClientProvider$insertRecord$body$1$response$1 type:kotlin.Int [val]
                        CONST Int type=kotlin.Int value=0
                      CALL 'public final fun contentType (type: io.ktor.http.ContentType): kotlin.Unit declared in io.ktor.http.HttpMessagePropertiesKt' type=kotlin.Unit origin=null
                        $receiver: GET_VAR '$this$post: io.ktor.client.request.HttpRequestBuilder declared in ai.orchestree.backend.database.SupabaseClientProvider.insertRecord-BWLJW6A.<no name provided>.invokeSuspend$lambda$0' type=io.ktor.client.request.HttpRequestBuilder origin=null
                        type: CALL 'public final fun <get-Json> (): io.ktor.http.ContentType declared in io.ktor.http.ContentType.Application' type=io.ktor.http.ContentType origin=GET_PROPERTY
                          $this: GET_FIELD 'FIELD FIELD_FOR_OBJECT_INSTANCE name:INSTANCE type:io.ktor.http.ContentType.Application visibility:public [final,static] declared in io.ktor.http.ContentType.Application' type=io.ktor.http.ContentType.Application origin=null
                      CALL 'public final fun header (key: kotlin.String, value: kotlin.Any?): kotlin.Unit declared in io.ktor.client.request.UtilsKt' type=kotlin.Unit origin=null
                        $receiver: GET_VAR '$this$post: io.ktor.client.request.HttpRequestBuilder declared in ai.orchestree.backend.database.SupabaseClientProvider.insertRecord-BWLJW6A.<no name provided>.invokeSuspend$lambda$0' type=io.ktor.client.request.HttpRequestBuilder origin=null
                        key: CONST String type=kotlin.String value="apikey"
                        value: CALL 'public final fun <get-serviceRoleKey> (): kotlin.String declared in ai.orchestree.backend.config.SupabaseConfig' type=kotlin.String origin=GET_PROPERTY
                          $this: CALL 'public final fun access$getConfig$p ($this: ai.orchestree.backend.database.SupabaseClientProvider): ai.orchestree.backend.config.SupabaseConfig declared in ai.orchestree.backend.database.SupabaseClientProvider' type=ai.orchestree.backend.config.SupabaseConfig origin=null
                            $this: GET_VAR 'this$0: ai.orchestree.backend.database.SupabaseClientProvider declared in ai.orchestree.backend.database.SupabaseClientProvider.insertRecord-BWLJW6A.<no name provided>.invokeSuspend$lambda$0' type=ai.orchestree.backend.database.SupabaseClientProvider origin=null
                      CALL 'public final fun header (key: kotlin.String, value: kotlin.Any?): kotlin.Unit declared in io.ktor.client.request.UtilsKt' type=kotlin.Unit origin=null
                        $receiver: GET_VAR '$this$post: io.ktor.client.request.HttpRequestBuilder declared in ai.orchestree.backend.database.SupabaseClientProvider.insertRecord-BWLJW6A.<no name provided>.invokeSuspend$lambda$0' type=io.ktor.client.request.HttpRequestBuilder origin=null
                        key: CONST String type=kotlin.String value="Authorization"
                        value: STRING_CONCATENATION type=kotlin.String
                          CONST String type=kotlin.String value="Bearer "
                          CALL 'public final fun <get-serviceRoleKey> (): kotlin.String declared in ai.orchestree.backend.config.SupabaseConfig' type=kotlin.String origin=GET_PROPERTY
                            $this: CALL 'public final fun access$getConfig$p ($this: ai.orchestree.backend.database.SupabaseClientProvider): ai.orchestree.backend.config.SupabaseConfig declared in ai.orchestree.backend.database.SupabaseClientProvider' type=ai.orchestree.backend.config.SupabaseConfig origin=null
                              $this: GET_VAR 'this$0: ai.orchestree.backend.database.SupabaseClientProvider declared in ai.orchestree.backend.database.SupabaseClientProvider.insertRecord-BWLJW6A.<no name provided>.invokeSuspend$lambda$0' type=ai.orchestree.backend.database.SupabaseClientProvider origin=null
                      CALL 'public final fun header (key: kotlin.String, value: kotlin.Any?): kotlin.Unit declared in io.ktor.client.request.UtilsKt' type=kotlin.Unit origin=null
                        $receiver: GET_VAR '$this$post: io.ktor.client.request.HttpRequestBuilder declared in ai.orchestree.backend.database.SupabaseClientProvider.insertRecord-BWLJW6A.<no name provided>.invokeSuspend$lambda$0' type=io.ktor.client.request.HttpRequestBuilder origin=null
                        key: CONST String type=kotlin.String value="X-Tenant-Id"
                        value: GET_VAR '$tenantId: kotlin.String declared in ai.orchestree.backend.database.SupabaseClientProvider.insertRecord-BWLJW6A.<no name provided>.invokeSuspend$lambda$0' type=kotlin.String origin=null
                      CALL 'public final fun header (key: kotlin.String, value: kotlin.Any?): kotlin.Unit declared in io.ktor.client.request.UtilsKt' type=kotlin.Unit origin=null
                        $receiver: GET_VAR '$this$post: io.ktor.client.request.HttpRequestBuilder declared in ai.orchestree.backend.database.SupabaseClientProvider.insertRecord-BWLJW6A.<no name provided>.invokeSuspend$lambda$0' type=io.ktor.client.request.HttpRequestBuilder origin=null
                        key: CONST String type=kotlin.String value="Prefer"
                        value: CONST String type=kotlin.String value="return=representation"
                      CALL 'public final fun setBody <T> (body: T of io.ktor.client.request.RequestBodyKt.setBody): kotlin.Unit [inline] declared in io.ktor.client.request.RequestBodyKt' type=kotlin.Unit origin=null
                        <T>: kotlin.String
                        $receiver: GET_VAR '$this$post: io.ktor.client.request.HttpRequestBuilder declared in ai.orchestree.backend.database.SupabaseClientProvider.insertRecord-BWLJW6A.<no name provided>.invokeSuspend$lambda$0' type=io.ktor.client.request.HttpRequestBuilder origin=null
                        body: GET_VAR '$jsonPayload: kotlin.String declared in ai.orchestree.backend.database.SupabaseClientProvider.insertRecord-BWLJW6A.<no name provided>.invokeSuspend$lambda$0' type=kotlin.String origin=null
                  FUN BRIDGE name:invoke visibility:public modality:OPEN <> ($this:ai.orchestree.backend.database.SupabaseClientProvider.insertRecord-BWLJW6A.<no name provided>, p1:kotlin.Any?, p2:kotlin.Any?) returnType:kotlin.Any?
                    $this: VALUE_PARAMETER INSTANCE_RECEIVER name:<this> type:ai.orchestree.backend.database.SupabaseClientProvider.insertRecord-BWLJW6A.<no name provided>
                    VALUE_PARAMETER BRIDGE name:p1 index:0 type:kotlin.Any?
                    VALUE_PARAMETER BRIDGE name:p2 index:1 type:kotlin.Any?
                    EXPRESSION_BODY
                      RETURN type=kotlin.Nothing from='public open fun invoke (p1: kotlin.Any?, p2: kotlin.Any?): kotlin.Any? declared in ai.orchestree.backend.database.SupabaseClientProvider.insertRecord-BWLJW6A.<no name provided>'
                        CALL 'public final fun invoke (p1: kotlinx.coroutines.CoroutineScope, p2: kotlin.coroutines.Continuation<kotlin.String>?): kotlin.Any? declared in ai.orchestree.backend.database.SupabaseClientProvider.insertRecord-BWLJW6A.<no name provided>' type=kotlin.Any? origin=BRIDGE_DELEGATION
                          $this: GET_VAR '<this>: ai.orchestree.backend.database.SupabaseClientProvider.insertRecord-BWLJW6A.<no name provided> declared in ai.orchestree.backend.database.SupabaseClientProvider.insertRecord-BWLJW6A.<no name provided>.invoke' type=ai.orchestree.backend.database.SupabaseClientProvider.insertRecord-BWLJW6A.<no name provided> origin=null
                          p1: TYPE_OP type=kotlinx.coroutines.CoroutineScope origin=IMPLICIT_CAST typeOperand=kotlinx.coroutines.CoroutineScope
                            GET_VAR 'p1: kotlin.Any? declared in ai.orchestree.backend.database.SupabaseClientProvider.insertRecord-BWLJW6A.<no name provided>.invoke' type=kotlin.Any? origin=null
                          p2: TYPE_OP type=kotlin.coroutines.Continuation<*> origin=IMPLICIT_CAST typeOperand=kotlin.coroutines.Continuation<*>
                            GET_VAR 'p2: kotlin.Any? declared in ai.orchestree.backend.database.SupabaseClientProvider.insertRecord-BWLJW6A.<no name provided>.invoke' type=kotlin.Any? origin=null
                CONSTRUCTOR_CALL 'public/*package*/ constructor <init> (this$0: ai.orchestree.backend.database.SupabaseClientProvider, $tableName: kotlin.String, $tenantId: kotlin.String, $jsonPayload: kotlin.String, $completion: kotlin.coroutines.Continuation<ai.orchestree.backend.database.SupabaseClientProvider.insertRecord-BWLJW6A.<no name provided>>?) [primary] declared in ai.orchestree.backend.database.SupabaseClientProvider.insertRecord-BWLJW6A.<no name provided>' type=ai.orchestree.backend.database.SupabaseClientProvider.insertRecord-BWLJW6A.<no name provided> origin=null
                  this$0: GET_VAR '<this>: ai.orchestree.backend.database.SupabaseClientProvider declared in ai.orchestree.backend.database.SupabaseClientProvider.insertRecord-BWLJW6A' type=ai.orchestree.backend.database.SupabaseClientProvider origin=null
                  $tableName: GET_VAR 'tableName: kotlin.String declared in ai.orchestree.backend.database.SupabaseClientProvider.insertRecord-BWLJW6A' type=kotlin.String origin=null
                  $tenantId: GET_VAR 'tenantId: kotlin.String declared in ai.orchestree.backend.database.SupabaseClientProvider.insertRecord-BWLJW6A' type=kotlin.String origin=null
                  $jsonPayload: GET_VAR 'jsonPayload: kotlin.String declared in ai.orchestree.backend.database.SupabaseClientProvider.insertRecord-BWLJW6A' type=kotlin.String origin=null
                  $completion: CONST Null type=kotlin.Nothing? value=null
              $completion: GET_VAR '$completion: kotlin.coroutines.Continuation<kotlin.Result<kotlin.String>> declared in ai.orchestree.backend.database.SupabaseClientProvider.insertRecord-BWLJW6A' type=kotlin.coroutines.Continuation<kotlin.Result<kotlin.String>> origin=null
          CALL 'public final fun success-IoAF18A <T> (value: T of kotlin.Result.Companion.success-IoAF18A): kotlin.Result<T of kotlin.Result.Companion.success> [inline] declared in kotlin.Result.Companion' type=kotlin.Result<kotlin.String> origin=null
            <T>: kotlin.String
            $this: TYPE_OP type=kotlin.Result.Companion origin=IMPLICIT_CAST typeOperand=kotlin.Result.Companion
              GET_FIELD 'FIELD FIELD_FOR_OBJECT_INSTANCE name:Companion type:kotlin.Result.Companion visibility:public [final,static] declared in kotlin.Result' type=kotlin.Result.Companion origin=null
            value: GET_VAR 'val body: kotlin.String [val] declared in ai.orchestree.backend.database.SupabaseClientProvider.insertRecord-BWLJW6A' type=kotlin.String origin=null
        CATCH parameter=val e: java.lang.Exception [val] declared in ai.orchestree.backend.database.SupabaseClientProvider.insertRecord-BWLJW6A
          VAR CATCH_PARAMETER name:e type:java.lang.Exception [val]
          BLOCK type=kotlin.Result<kotlin.String> origin=null
            CALL 'public abstract fun error (p0: @[FlexibleNullability] kotlin.String?, p1: @[FlexibleNullability] kotlin.Throwable?): kotlin.Unit declared in org.slf4j.Logger' type=kotlin.Unit origin=null
              $this: GET_FIELD 'FIELD PROPERTY_BACKING_FIELD name:logger type:@[FlexibleNullability] org.slf4j.Logger? visibility:private [final]' type=@[FlexibleNullability] org.slf4j.Logger? origin=null
                receiver: GET_VAR '<this>: ai.orchestree.backend.database.SupabaseClientProvider declared in ai.orchestree.backend.database.SupabaseClientProvider.insertRecord-BWLJW6A' type=ai.orchestree.backend.database.SupabaseClientProvider origin=null
              p0: STRING_CONCATENATION type=kotlin.String
                CONST String type=kotlin.String value="Exception inserting to Supabase table "
                GET_VAR 'tableName: kotlin.String declared in ai.orchestree.backend.database.SupabaseClientProvider.insertRecord-BWLJW6A' type=kotlin.String origin=null
                CONST String type=kotlin.String value=": "
                CALL 'public open fun <get-message> (): kotlin.String? [fake_override] declared in java.lang.Exception' type=kotlin.String? origin=GET_PROPERTY
                  $this: GET_VAR 'val e: java.lang.Exception [val] declared in ai.orchestree.backend.database.SupabaseClientProvider.insertRecord-BWLJW6A' type=java.lang.Exception origin=null
              p1: GET_VAR 'val e: java.lang.Exception [val] declared in ai.orchestree.backend.database.SupabaseClientProvider.insertRecord-BWLJW6A' type=java.lang.Exception origin=null
            CALL 'public final fun failure-IoAF18A <T> (exception: kotlin.Throwable): kotlin.Result<T of kotlin.Result.Companion.failure> [inline] declared in kotlin.Result.Companion' type=kotlin.Result<kotlin.String> origin=null
              <T>: kotlin.String
              $this: TYPE_OP type=kotlin.Result.Companion origin=IMPLICIT_CAST typeOperand=kotlin.Result.Companion
                GET_FIELD 'FIELD FIELD_FOR_OBJECT_INSTANCE name:Companion type:kotlin.Result.Companion visibility:public [final,static] declared in kotlin.Result' type=kotlin.Result.Companion origin=null
              exception: GET_VAR 'val e: java.lang.Exception [val] declared in ai.orchestree.backend.database.SupabaseClientProvider.insertRecord-BWLJW6A' type=java.lang.Exception origin=null

	at org.jetbrains.kotlin.backend.jvm.codegen.FunctionCodegen.generate(FunctionCodegen.kt:47)
	at org.jetbrains.kotlin.backend.jvm.codegen.FunctionCodegen.generate$default(FunctionCodegen.kt:40)
	at org.jetbrains.kotlin.backend.jvm.codegen.ClassCodegen.generateMethodNode(ClassCodegen.kt:406)
	at org.jetbrains.kotlin.backend.jvm.codegen.ClassCodegen.generateMethod(ClassCodegen.kt:423)
	at org.jetbrains.kotlin.backend.jvm.codegen.ClassCodegen.generate(ClassCodegen.kt:168)
	at org.jetbrains.kotlin.backend.jvm.FileCodegen.lower(JvmPhases.kt:39)
	at org.jetbrains.kotlin.backend.common.phaser.PhaseFactoriesKt.createFilePhase$lambda$4(PhaseFactories.kt:71)
	at org.jetbrains.kotlin.backend.common.phaser.PhaseBuildersKt$createSimpleNamedCompilerPhase$1.phaseBody(PhaseBuilders.kt:69)
	at org.jetbrains.kotlin.backend.common.phaser.SimpleNamedCompilerPhase.phaseBody(CompilerPhase.kt:226)
	at org.jetbrains.kotlin.backend.common.phaser.AbstractNamedCompilerPhase.invoke(CompilerPhase.kt:113)
	at org.jetbrains.kotlin.backend.common.phaser.PerformByIrFilePhase.invokeSequential(performByIrFile.kt:62)
	... 43 more
Caused by: org.jetbrains.kotlin.codegen.CompilationException: Back-end (JVM) Internal error: Couldn't transform method node:
invokeSuspend (Ljava/lang/Object;)Ljava/lang/Object;:
    // annotable parameter count: 1 (visible)
    // annotable parameter count: 1 (invisible)
    TRYCATCHBLOCK L0 L1 L2 java/lang/Throwable
    TRYCATCHBLOCK L3 L4 L5 java/lang/Throwable
    INVOKESTATIC kotlin/coroutines/intrinsics/IntrinsicsKt.getCOROUTINE_SUSPENDED ()Ljava/lang/Object;
   L6
    LINENUMBER 147 L6
    ASTORE 31
    ALOAD 0
    GETFIELD ai/orchestree/backend/database/SupabaseClientProvider$insertRecord$body$1.label : I
    TABLESWITCH
      0: L7
      1: L8
      2: L9
      default: L10
   L7
    ALOAD 1
    INVOKESTATIC kotlin/ResultKt.throwOnFailure (Ljava/lang/Object;)V
   L11
   L12
    LINENUMBER 148 L12
    ALOAD 0
    GETFIELD ai/orchestree/backend/database/SupabaseClientProvider$insertRecord$body$1.this$0 : Lai/orchestree/backend/database/SupabaseClientProvider;
    INVOKESTATIC ai/orchestree/backend/database/SupabaseClientProvider.access$getConfig$p (Lai/orchestree/backend/database/SupabaseClientProvider;)Lai/orchestree/backend/config/SupabaseConfig;
    INVOKEVIRTUAL ai/orchestree/backend/config/SupabaseConfig.getUrl ()Ljava/lang/String;
    ICONST_1
    NEWARRAY T_CHAR
    ASTORE 3
   L13
    ALOAD 3
    ICONST_0
    BIPUSH 47
    CASTORE
    ALOAD 3
   L14
    INVOKESTATIC kotlin/text/StringsKt.trimEnd (Ljava/lang/String;[C)Ljava/lang/String;
    ALOAD 0
    GETFIELD ai/orchestree/backend/database/SupabaseClientProvider$insertRecord$body$1.$tableName : Ljava/lang/String;
    INVOKEDYNAMIC makeConcatWithConstants(Ljava/lang/String;Ljava/lang/String;)Ljava/lang/String; [
      // handle kind 0x6 : INVOKESTATIC
      java/lang/invoke/StringConcatFactory.makeConcatWithConstants(Ljava/lang/invoke/MethodHandles$Lookup;Ljava/lang/String;Ljava/lang/invoke/MethodType;Ljava/lang/String;[Ljava/lang/Object;)Ljava/lang/invoke/CallSite;
      // arguments:
      "\u0001/rest/v1/\u0001"
    ]
    ASTORE 2
   L15
   L16
    LINENUMBER 149 L16
    ALOAD 0
    GETFIELD ai/orchestree/backend/database/SupabaseClientProvider$insertRecord$body$1.this$0 : Lai/orchestree/backend/database/SupabaseClientProvider;
    INVOKESTATIC ai/orchestree/backend/database/SupabaseClientProvider.access$getHttpClient$p (Lai/orchestree/backend/database/SupabaseClientProvider;)Lio/ktor/client/HttpClient;
    ASTORE 4
    ALOAD 0
    GETFIELD ai/orchestree/backend/database/SupabaseClientProvider$insertRecord$body$1.this$0 : Lai/orchestree/backend/database/SupabaseClientProvider;
    ASTORE 5
    ALOAD 0
    GETFIELD ai/orchestree/backend/database/SupabaseClientProvider$insertRecord$body$1.$tenantId : Ljava/lang/String;
    ASTORE 6
    ALOAD 0
    GETFIELD ai/orchestree/backend/database/SupabaseClientProvider$insertRecord$body$1.$jsonPayload : Ljava/lang/String;
    ASTORE 7
    NOP
   L17
    ICONST_0
    ISTORE 8
   L18
    LINENUMBER 383 L18
    ALOAD 4
    ASTORE 9
    NOP
   L19
    ICONST_0
    ISTORE 10
   L20
    LINENUMBER 384 L20
    ALOAD 9
    ASTORE 11
    NEW io/ktor/client/request/HttpRequestBuilder
    DUP
    INVOKESPECIAL io/ktor/client/request/HttpRequestBuilder.<init> ()V
    ASTORE 12
    NOP
    NOP
    ALOAD 12
    CHECKCAST io/ktor/client/request/HttpRequestBuilder
    ASTORE 13
   L21
    ICONST_0
    ISTORE 14
   L22
    LINENUMBER 385 L22
    ALOAD 13
    ALOAD 2
    INVOKESTATIC io/ktor/client/request/HttpRequestKt.url (Lio/ktor/client/request/HttpRequestBuilder;Ljava/lang/String;)V
   L23
    LINENUMBER 386 L23
    ALOAD 13
    CHECKCAST io/ktor/client/request/HttpRequestBuilder
    ASTORE 15
   L24
    ICONST_0
    ISTORE 16
   L25
    LINENUMBER 150 L25
    ALOAD 15
    CHECKCAST io/ktor/http/HttpMessageBuilder
    GETSTATIC io/ktor/http/ContentType$Application.INSTANCE : Lio/ktor/http/ContentType$Application;
    INVOKEVIRTUAL io/ktor/http/ContentType$Application.getJson ()Lio/ktor/http/ContentType;
    INVOKESTATIC io/ktor/http/HttpMessagePropertiesKt.contentType (Lio/ktor/http/HttpMessageBuilder;Lio/ktor/http/ContentType;)V
   L26
    LINENUMBER 151 L26
    ALOAD 15
    CHECKCAST io/ktor/http/HttpMessageBuilder
    LDC "apikey"
    ALOAD 5
    INVOKESTATIC ai/orchestree/backend/database/SupabaseClientProvider.access$getConfig$p (Lai/orchestree/backend/database/SupabaseClientProvider;)Lai/orchestree/backend/config/SupabaseConfig;
    INVOKEVIRTUAL ai/orchestree/backend/config/SupabaseConfig.getServiceRoleKey ()Ljava/lang/String;
    INVOKESTATIC io/ktor/client/request/UtilsKt.header (Lio/ktor/http/HttpMessageBuilder;Ljava/lang/String;Ljava/lang/Object;)V
   L27
    LINENUMBER 152 L27
    ALOAD 15
    CHECKCAST io/ktor/http/HttpMessageBuilder
    LDC "Authorization"
    ALOAD 5
    INVOKESTATIC ai/orchestree/backend/database/SupabaseClientProvider.access$getConfig$p (Lai/orchestree/backend/database/SupabaseClientProvider;)Lai/orchestree/backend/config/SupabaseConfig;
    INVOKEVIRTUAL ai/orchestree/backend/config/SupabaseConfig.getServiceRoleKey ()Ljava/lang/String;
    INVOKEDYNAMIC makeConcatWithConstants(Ljava/lang/String;)Ljava/lang/String; [
      // handle kind 0x6 : INVOKESTATIC
      java/lang/invoke/StringConcatFactory.makeConcatWithConstants(Ljava/lang/invoke/MethodHandles$Lookup;Ljava/lang/String;Ljava/lang/invoke/MethodType;Ljava/lang/String;[Ljava/lang/Object;)Ljava/lang/invoke/CallSite;
      // arguments:
      "Bearer \u0001"
    ]
    INVOKESTATIC io/ktor/client/request/UtilsKt.header (Lio/ktor/http/HttpMessageBuilder;Ljava/lang/String;Ljava/lang/Object;)V
   L28
    LINENUMBER 153 L28
    ALOAD 15
    CHECKCAST io/ktor/http/HttpMessageBuilder
    LDC "X-Tenant-Id"
    ALOAD 6
    INVOKESTATIC io/ktor/client/request/UtilsKt.header (Lio/ktor/http/HttpMessageBuilder;Ljava/lang/String;Ljava/lang/Object;)V
   L29
    LINENUMBER 154 L29
    ALOAD 15
    CHECKCAST io/ktor/http/HttpMessageBuilder
    LDC "Prefer"
    LDC "return=representation"
    INVOKESTATIC io/ktor/client/request/UtilsKt.header (Lio/ktor/http/HttpMessageBuilder;Ljava/lang/String;Ljava/lang/Object;)V
   L30
    LINENUMBER 155 L30
    ALOAD 15
    ASTORE 17
   L31
    ICONST_0
    ISTORE 18
   L32
    LINENUMBER 387 L32
    ALOAD 7
    ASTORE 19
   L33
    LINENUMBER 388 L33
    ALOAD 19
    IFNONNULL L34
   L35
    LINENUMBER 389 L35
    ALOAD 17
    GETSTATIC io/ktor/http/content/NullBody.INSTANCE : Lio/ktor/http/content/NullBody;
    INVOKEVIRTUAL io/ktor/client/request/HttpRequestBuilder.setBody (Ljava/lang/Object;)V
   L36
    LINENUMBER 390 L36
    ALOAD 17
    ASTORE 20
    ICONST_0
    ISTORE 21
   L37
    LINENUMBER 391 L37
    LDC Ljava/lang/String;.class
    INVOKESTATIC kotlin/jvm/internal/Reflection.getOrCreateKotlinClass (Ljava/lang/Class;)Lkotlin/reflect/KClass;
    ASTORE 22
    ICONST_0
    ISTORE 23
   L38
    LINENUMBER 399 L38
   L39
   L0
    NOP
   L40
    LINENUMBER 403 L40
    LDC Ljava/lang/String;.class
    INVOKESTATIC kotlin/jvm/internal/Reflection.typeOf (Ljava/lang/Class;)Lkotlin/reflect/KType;
    ASTORE 24
   L1
    GOTO L41
   L2
    LINENUMBER 404 L2
    ASTORE 25
   L42
    LINENUMBER 405 L42
    ACONST_NULL
    CHECKCAST kotlin/reflect/KType
    ASTORE 24
   L41
    ALOAD 22
   L43
    LINENUMBER 406 L43
    NOP
   L44
    ALOAD 24
   L45
    LINENUMBER 391 L45
    ASTORE 26
    ASTORE 27
    NEW io/ktor/util/reflect/TypeInfo
    DUP
    ALOAD 27
    ALOAD 26
    INVOKESPECIAL io/ktor/util/reflect/TypeInfo.<init> (Lkotlin/reflect/KClass;Lkotlin/reflect/KType;)V
   L46
    ALOAD 20
    SWAP
   L47
    LINENUMBER 390 L47
    INVOKEVIRTUAL io/ktor/client/request/HttpRequestBuilder.setBodyType (Lio/ktor/util/reflect/TypeInfo;)V
    GOTO L48
   L34
    LINENUMBER 407 L34
    ALOAD 19
    INSTANCEOF io/ktor/http/content/OutgoingContent
    IFEQ L49
   L50
    LINENUMBER 408 L50
    ALOAD 17
    ALOAD 7
    INVOKEVIRTUAL io/ktor/client/request/HttpRequestBuilder.setBody (Ljava/lang/Object;)V
   L51
    LINENUMBER 409 L51
    ALOAD 17
    ACONST_NULL
    INVOKEVIRTUAL io/ktor/client/request/HttpRequestBuilder.setBodyType (Lio/ktor/util/reflect/TypeInfo;)V
    GOTO L48
   L49
    LINENUMBER 412 L49
    ALOAD 17
    ALOAD 7
    INVOKEVIRTUAL io/ktor/client/request/HttpRequestBuilder.setBody (Ljava/lang/Object;)V
   L52
    LINENUMBER 413 L52
    ALOAD 17
    ASTORE 20
    ICONST_0
    ISTORE 21
   L53
    LINENUMBER 391 L53
    LDC Ljava/lang/String;.class
    INVOKESTATIC kotlin/jvm/internal/Reflection.getOrCreateKotlinClass (Ljava/lang/Class;)Lkotlin/reflect/KClass;
    ASTORE 22
    ICONST_0
    ISTORE 23
   L54
    LINENUMBER 399 L54
   L55
   L3
    NOP
   L56
    LINENUMBER 403 L56
    LDC Ljava/lang/String;.class
    INVOKESTATIC kotlin/jvm/internal/Reflection.typeOf (Ljava/lang/Class;)Lkotlin/reflect/KType;
    ASTORE 24
   L4
    GOTO L57
   L5
    LINENUMBER 404 L5
    ASTORE 25
   L58
    LINENUMBER 405 L58
    ACONST_NULL
    CHECKCAST kotlin/reflect/KType
    ASTORE 24
   L57
    ALOAD 22
   L59
    LINENUMBER 406 L59
    NOP
   L60
    ALOAD 24
   L61
    LINENUMBER 391 L61
    ASTORE 26
    ASTORE 27
    NEW io/ktor/util/reflect/TypeInfo
    DUP
    ALOAD 27
    ALOAD 26
    INVOKESPECIAL io/ktor/util/reflect/TypeInfo.<init> (Lkotlin/reflect/KClass;Lkotlin/reflect/KType;)V
   L62
    ALOAD 20
    SWAP
   L63
    LINENUMBER 413 L63
    INVOKEVIRTUAL io/ktor/client/request/HttpRequestBuilder.setBodyType (Lio/ktor/util/reflect/TypeInfo;)V
   L48
    LINENUMBER 416 L48
    GOTO L64
   L64
   L65
    LINENUMBER 156 L65
    NOP
    GOTO L66
   L67
   L68
   L66
   L69
    LINENUMBER 386 L69
   L70
    LINENUMBER 417 L70
    NOP
    GOTO L71
   L71
   L72
    LINENUMBER 384 L72
    ALOAD 12
    NOP
    GOTO L73
   L73
    CHECKCAST io/ktor/client/request/HttpRequestBuilder
    ASTORE 12
   L74
    LINENUMBER 384 L74
    NOP
   L75
    ICONST_0
    ISTORE 28
   L76
    LINENUMBER 418 L76
    ALOAD 12
    GETSTATIC io/ktor/http/HttpMethod.Companion : Lio/ktor/http/HttpMethod$Companion;
    INVOKEVIRTUAL io/ktor/http/HttpMethod$Companion.getPost ()Lio/ktor/http/HttpMethod;
    INVOKEVIRTUAL io/ktor/client/request/HttpRequestBuilder.setMethod (Lio/ktor/http/HttpMethod;)V
   L77
    LINENUMBER 419 L77
    ALOAD 11
    ASTORE 29
    NOP
   L78
    ICONST_0
    ISTORE 30
   L79
    LINENUMBER 420 L79
    NEW io/ktor/client/statement/HttpStatement
    DUP
    ALOAD 12
    ALOAD 29
    INVOKESPECIAL io/ktor/client/statement/HttpStatement.<init> (Lio/ktor/client/request/HttpRequestBuilder;Lio/ktor/client/HttpClient;)V
    ALOAD 0
    CHECKCAST kotlin/coroutines/Continuation
    ALOAD 0
    ICONST_1
    PUTFIELD ai/orchestree/backend/database/SupabaseClientProvider$insertRecord$body$1.label : I
    INVOKEVIRTUAL io/ktor/client/statement/HttpStatement.execute (Lkotlin/coroutines/Continuation;)Ljava/lang/Object;
   L80
    DUP
    ALOAD 31
    IF_ACMPNE L81
   L82
    LINENUMBER 147 L82
    ALOAD 31
    ARETURN
   L8
    ICONST_0
    ISTORE 8
   L83
    ICONST_0
    ISTORE 10
   L84
    ICONST_0
    ISTORE 28
   L85
    ICONST_0
    ISTORE 30
   L86
   L87
    NOP
    ALOAD 1
    INVOKESTATIC kotlin/ResultKt.throwOnFailure (Ljava/lang/Object;)V
    ALOAD 1
   L81
    LINENUMBER 420 L81
    NOP
    GOTO L88
   L88
    LINENUMBER 419 L88
    NOP
    GOTO L89
   L89
    LINENUMBER 384 L89
    NOP
    GOTO L90
   L90
    LINENUMBER 417 L90
    NOP
    GOTO L91
   L92
   L93
   L91
   L94
    LINENUMBER 149 L94
    CHECKCAST io/ktor/client/statement/HttpResponse
    ASTORE 3
   L95
   L96
    LINENUMBER 158 L96
    ALOAD 3
    ACONST_NULL
    ALOAD 0
    CHECKCAST kotlin/coroutines/Continuation
    ICONST_1
    ACONST_NULL
    ALOAD 0
    ALOAD 3
    PUTFIELD ai/orchestree/backend/database/SupabaseClientProvider$insertRecord$body$1.L$0 : Ljava/lang/Object;
    ALOAD 0
    ICONST_2
    PUTFIELD ai/orchestree/backend/database/SupabaseClientProvider$insertRecord$body$1.label : I
    INVOKESTATIC io/ktor/client/statement/HttpResponseKt.bodyAsText$default (Lio/ktor/client/statement/HttpResponse;Ljava/nio/charset/Charset;Lkotlin/coroutines/Continuation;ILjava/lang/Object;)Ljava/lang/Object;
   L97
    DUP
    ALOAD 31
    IF_ACMPNE L98
   L99
    LINENUMBER 147 L99
    ALOAD 31
    ARETURN
   L9
    ALOAD 0
    GETFIELD ai/orchestree/backend/database/SupabaseClientProvider$insertRecord$body$1.L$0 : Ljava/lang/Object;
    CHECKCAST io/ktor/client/statement/HttpResponse
    ASTORE 3
   L100
   L101
    NOP
    ALOAD 1
    INVOKESTATIC kotlin/ResultKt.throwOnFailure (Ljava/lang/Object;)V
    ALOAD 1
   L98
    CHECKCAST java/lang/String
    ASTORE 4
   L102
   L103
    LINENUMBER 159 L103
    ALOAD 3
    INVOKEVIRTUAL io/ktor/client/statement/HttpResponse.getStatus ()Lio/ktor/http/HttpStatusCode;
    INVOKESTATIC io/ktor/http/HttpStatusCodeKt.isSuccess (Lio/ktor/http/HttpStatusCode;)Z
    IFEQ L104
   L105
    LINENUMBER 160 L105
    ALOAD 0
    GETFIELD ai/orchestree/backend/database/SupabaseClientProvider$insertRecord$body$1.this$0 : Lai/orchestree/backend/database/SupabaseClientProvider;
    INVOKESTATIC ai/orchestree/backend/database/SupabaseClientProvider.access$getLogger$p (Lai/orchestree/backend/database/SupabaseClientProvider;)Lorg/slf4j/Logger;
    ALOAD 0
    GETFIELD ai/orchestree/backend/database/SupabaseClientProvider$insertRecord$body$1.$tableName : Ljava/lang/String;
    ALOAD 0
    GETFIELD ai/orchestree/backend/database/SupabaseClientProvider$insertRecord$body$1.$tenantId : Ljava/lang/String;
    INVOKEDYNAMIC makeConcatWithConstants(Ljava/lang/String;Ljava/lang/String;)Ljava/lang/String; [
      // handle kind 0x6 : INVOKESTATIC
      java/lang/invoke/StringConcatFactory.makeConcatWithConstants(Ljava/lang/invoke/MethodHandles$Lookup;Ljava/lang/String;Ljava/lang/invoke/MethodType;Ljava/lang/String;[Ljava/lang/Object;)Ljava/lang/invoke/CallSite;
      // arguments:
      "Successfully inserted record into \u0001 for tenant \u0001 (Realtime broadcast enabled via Postgres replication)"
    ]
    INVOKEINTERFACE org/slf4j/Logger.info (Ljava/lang/String;)V (itf)
   L106
    LINENUMBER 161 L106
    ALOAD 4
    GOTO L107
   L104
   L108
    LINENUMBER 163 L108
    ALOAD 0
    GETFIELD ai/orchestree/backend/database/SupabaseClientProvider$insertRecord$body$1.this$0 : Lai/orchestree/backend/database/SupabaseClientProvider;
    INVOKESTATIC ai/orchestree/backend/database/SupabaseClientProvider.access$getLogger$p (Lai/orchestree/backend/database/SupabaseClientProvider;)Lorg/slf4j/Logger;
    ALOAD 0
    GETFIELD ai/orchestree/backend/database/SupabaseClientProvider$insertRecord$body$1.$tableName : Ljava/lang/String;
    ALOAD 3
    INVOKEVIRTUAL io/ktor/client/statement/HttpResponse.getStatus ()Lio/ktor/http/HttpStatusCode;
    INVOKEVIRTUAL io/ktor/http/HttpStatusCode.getValue ()I
    ALOAD 4
    INVOKEDYNAMIC makeConcatWithConstants(Ljava/lang/String;ILjava/lang/String;)Ljava/lang/String; [
      // handle kind 0x6 : INVOKESTATIC
      java/lang/invoke/StringConcatFactory.makeConcatWithConstants(Ljava/lang/invoke/MethodHandles$Lookup;Ljava/lang/String;Ljava/lang/invoke/MethodType;Ljava/lang/String;[Ljava/lang/Object;)Ljava/lang/invoke/CallSite;
      // arguments:
      "Supabase insert error on \u0001: HTTP \u0001 - \u0001"
    ]
    INVOKEINTERFACE org/slf4j/Logger.error (Ljava/lang/String;)V (itf)
   L109
    LINENUMBER 164 L109
    NEW java/lang/RuntimeException
    DUP
    ALOAD 4
    INVOKEDYNAMIC makeConcatWithConstants(Ljava/lang/String;)Ljava/lang/String; [
      // handle kind 0x6 : INVOKESTATIC
      java/lang/invoke/StringConcatFactory.makeConcatWithConstants(Ljava/lang/invoke/MethodHandles$Lookup;Ljava/lang/String;Ljava/lang/invoke/MethodType;Ljava/lang/String;[Ljava/lang/Object;)Ljava/lang/invoke/CallSite;
      // arguments:
      "Supabase insert error: \u0001"
    ]
    INVOKESPECIAL java/lang/RuntimeException.<init> (Ljava/lang/String;)V
    ATHROW
   L107
   L110
    LINENUMBER 165 L110
    ARETURN
   L111
   L112
   L10
    LINENUMBER 147 L10
    NEW java/lang/IllegalStateException
    DUP
    LDC "call to 'resume' before 'invoke' with coroutine"
    INVOKESPECIAL java/lang/IllegalStateException.<init> (Ljava/lang/String;)V
    ATHROW
    RETURN
    LOCALVARIABLE <unused var>$iv$iv$iv Ljava/lang/Throwable; L42 L41 25
    LOCALVARIABLE $i$f$typeOfOrNull I L38 L44 23
    LOCALVARIABLE $i$f$typeInfo I L37 L46 21
    LOCALVARIABLE <unused var>$iv$iv$iv Ljava/lang/Throwable; L58 L57 25
    LOCALVARIABLE $i$f$typeOfOrNull I L54 L60 23
    LOCALVARIABLE $i$f$typeInfo I L53 L62 21
    LOCALVARIABLE $i$f$setBody I L32 L64 18
    LOCALVARIABLE $this$setBody$iv Lio/ktor/client/request/HttpRequestBuilder; L31 L64 17
    LOCALVARIABLE $i$a$-post-SupabaseClientProvider$insertRecord$body$1$response$1 I L25 L68 16
    LOCALVARIABLE $this$invokeSuspend_u24lambda_u240 Lio/ktor/client/request/HttpRequestBuilder; L24 L68 15
    LOCALVARIABLE $i$a$-post-BuildersKt$post$5$iv I L22 L71 14
    LOCALVARIABLE $this$post_u24lambda_u245$iv Lio/ktor/client/request/HttpRequestBuilder; L21 L71 13
    LOCALVARIABLE $i$f$request I L79 L8 30
    LOCALVARIABLE $this$request$iv$iv$iv$iv Lio/ktor/client/HttpClient; L78 L88 29
    LOCALVARIABLE $i$f$post I L76 L8 28
    LOCALVARIABLE $this$post$iv$iv$iv Lio/ktor/client/HttpClient; L75 L89 11
    LOCALVARIABLE builder$iv$iv$iv Lio/ktor/client/request/HttpRequestBuilder; L75 L89 12
    LOCALVARIABLE $i$f$post I L20 L8 10
    LOCALVARIABLE $this$post$iv$iv Lio/ktor/client/HttpClient; L19 L90 9
    LOCALVARIABLE $i$f$post I L18 L8 8
    LOCALVARIABLE $this$post$iv Lio/ktor/client/HttpClient; L17 L93 4
    LOCALVARIABLE endpoint Ljava/lang/String; L15 L112 2
    LOCALVARIABLE resText Ljava/lang/String; L102 L112 4
    LOCALVARIABLE this Lai/orchestree/backend/database/SupabaseClientProvider$insertRecord$body$1; L11 L112 0
    LOCALVARIABLE $result Ljava/lang/Object; L11 L112 1
    LOCALVARIABLE response Lio/ktor/client/statement/HttpResponse; L95 L9 3
    LOCALVARIABLE response Lio/ktor/client/statement/HttpResponse; L100 L112 3
    LOCALVARIABLE $i$f$request I L86 L88 30
    LOCALVARIABLE $i$f$post I L85 L89 28
    LOCALVARIABLE $i$f$post I L84 L90 10
    LOCALVARIABLE $i$f$post I L83 L93 8
    MAXSTACK = 6
    MAXLOCALS = 32

File is unknown
The root cause java.lang.OutOfMemoryError was thrown at: unknown
	at org.jetbrains.kotlin.codegen.TransformationMethodVisitor.visitEnd(TransformationMethodVisitor.kt:89)
	at org.jetbrains.org.objectweb.asm.tree.MethodNode.accept(MethodNode.java:772)
	at org.jetbrains.kotlin.backend.jvm.codegen.CoroutineCodegenKt.acceptWithStateMachine(CoroutineCodegen.kt:76)
	at org.jetbrains.kotlin.backend.jvm.codegen.ClassCodegen.generateMethod(ClassCodegen.kt:440)
	at org.jetbrains.kotlin.backend.jvm.codegen.ClassCodegen.generate(ClassCodegen.kt:168)
	at org.jetbrains.kotlin.backend.jvm.codegen.ExpressionCodegen.visitClass(ExpressionCodegen.kt:1000)
	at org.jetbrains.kotlin.backend.jvm.codegen.ExpressionCodegen.visitClass(ExpressionCodegen.kt:138)
	at org.jetbrains.kotlin.ir.declarations.IrClass.accept(IrClass.kt:72)
	at org.jetbrains.kotlin.backend.jvm.codegen.ExpressionCodegen.visitStatementContainer(ExpressionCodegen.kt:579)
	at org.jetbrains.kotlin.backend.jvm.codegen.ExpressionCodegen.visitContainerExpression(ExpressionCodegen.kt:593)
	at org.jetbrains.kotlin.backend.jvm.codegen.ExpressionCodegen.visitContainerExpression(ExpressionCodegen.kt:138)
	at org.jetbrains.kotlin.ir.visitors.IrElementVisitor$DefaultImpls.visitBlock(IrElementVisitor.kt:122)
	at org.jetbrains.kotlin.backend.jvm.codegen.ExpressionCodegen.visitBlock(ExpressionCodegen.kt:413)
	at org.jetbrains.kotlin.backend.jvm.codegen.ExpressionCodegen.visitBlock(ExpressionCodegen.kt:138)
	at org.jetbrains.kotlin.ir.expressions.IrBlock.accept(IrBlock.kt:18)
	at org.jetbrains.kotlin.backend.jvm.codegen.ExpressionCodegen.gen(ExpressionCodegen.kt:217)
	at org.jetbrains.kotlin.backend.jvm.codegen.IrCallGenerator.genValueAndPut(IrCallGenerator.kt:48)
	at org.jetbrains.kotlin.backend.jvm.codegen.ExpressionCodegen.visitCall$handleParameter(ExpressionCodegen.kt:616)
	at org.jetbrains.kotlin.backend.jvm.codegen.ExpressionCodegen.visitCall(ExpressionCodegen.kt:644)
	at org.jetbrains.kotlin.backend.jvm.codegen.ExpressionCodegen.visitCall(ExpressionCodegen.kt:138)
	at org.jetbrains.kotlin.ir.expressions.IrCall.accept(IrCall.kt:24)
	at org.jetbrains.kotlin.backend.jvm.codegen.ExpressionCodegen.visitVariable(ExpressionCodegen.kt:790)
	at org.jetbrains.kotlin.backend.jvm.codegen.ExpressionCodegen.visitVariable(ExpressionCodegen.kt:138)
	at org.jetbrains.kotlin.ir.declarations.IrVariable.accept(IrVariable.kt:36)
	at org.jetbrains.kotlin.backend.jvm.codegen.ExpressionCodegen.visitStatementContainer(ExpressionCodegen.kt:579)
	at org.jetbrains.kotlin.backend.jvm.codegen.ExpressionCodegen.visitContainerExpression(ExpressionCodegen.kt:593)
	at org.jetbrains.kotlin.backend.jvm.codegen.ExpressionCodegen.visitContainerExpression(ExpressionCodegen.kt:138)
	at org.jetbrains.kotlin.ir.visitors.IrElementVisitor$DefaultImpls.visitBlock(IrElementVisitor.kt:122)
	at org.jetbrains.kotlin.backend.jvm.codegen.ExpressionCodegen.visitBlock(ExpressionCodegen.kt:413)
	at org.jetbrains.kotlin.backend.jvm.codegen.ExpressionCodegen.visitBlock(ExpressionCodegen.kt:138)
	at org.jetbrains.kotlin.ir.expressions.IrBlock.accept(IrBlock.kt:18)
	at org.jetbrains.kotlin.backend.jvm.codegen.ExpressionCodegen.visitTryWithInfo(ExpressionCodegen.kt:1339)
	at org.jetbrains.kotlin.backend.jvm.codegen.ExpressionCodegen.visitTry(ExpressionCodegen.kt:1330)
	at org.jetbrains.kotlin.backend.jvm.codegen.ExpressionCodegen.visitTry(ExpressionCodegen.kt:138)
	at org.jetbrains.kotlin.ir.expressions.IrTry.accept(IrTry.kt:26)
	at org.jetbrains.kotlin.backend.jvm.codegen.ExpressionCodegen.visitReturn(ExpressionCodegen.kt:1051)
	at org.jetbrains.kotlin.backend.jvm.codegen.ExpressionCodegen.visitReturn(ExpressionCodegen.kt:138)
	at org.jetbrains.kotlin.ir.expressions.IrReturn.accept(IrReturn.kt:24)
	at org.jetbrains.kotlin.backend.jvm.codegen.ExpressionCodegen.visitStatementContainer(ExpressionCodegen.kt:579)
	at org.jetbrains.kotlin.backend.jvm.codegen.ExpressionCodegen.visitBlockBody(ExpressionCodegen.kt:584)
	at org.jetbrains.kotlin.backend.jvm.codegen.ExpressionCodegen.visitBlockBody(ExpressionCodegen.kt:138)
	at org.jetbrains.kotlin.ir.expressions.IrBlockBody.accept(IrBlockBody.kt:20)
	at org.jetbrains.kotlin.backend.jvm.codegen.ExpressionCodegen.generate(ExpressionCodegen.kt:240)
	at org.jetbrains.kotlin.backend.jvm.codegen.FunctionCodegen.doGenerate(FunctionCodegen.kt:123)
	at org.jetbrains.kotlin.backend.jvm.codegen.FunctionCodegen.generate(FunctionCodegen.kt:44)
	... 53 more
Caused by: java.lang.OutOfMemoryError: GC overhead limit exceeded


